SANDWICH-LIST
{#} - CREATED - [Sun 1/8/2023] [08:47:50.21]
{#} Debloat W11 - incomplete/buggy/def needs work




{APPX-DELETE} - [LAYER CHANGE TRIGGER]
{CLIPCHAMP.CLIPCHAMP}
{MICROSOFT.549981C3F5F10}
{MICROSOFT.BINGNEWS}
{MICROSOFT.BINGWEATHER}
{MICROSOFT.DESKTOPAPPINSTALLER}
{MICROSOFT.GAMINGAPP}
{MICROSOFT.GETHELP}
{MICROSOFT.GETSTARTED}
{MICROSOFT.HEIFIMAGEEXTENSION}
{MICROSOFT.MICROSOFTOFFICEHUB}
{MICROSOFT.MICROSOFTSOLITAIRECOLLECTION}
{MICROSOFT.MICROSOFTSTICKYNOTES}
{MICROSOFT.PAINT}
{MICROSOFT.PEOPLE}
{MICROSOFT.POWERAUTOMATEDESKTOP}
{MICROSOFT.RAWIMAGEEXTENSION}
{MICROSOFT.SCREENSKETCH}
{MICROSOFT.SECHEALTHUI}
{MICROSOFT.STOREPURCHASEAPP}
{MICROSOFT.TODOS}
{MICROSOFT.VP9VIDEOEXTENSIONS}
{MICROSOFT.WEBMEDIAEXTENSIONS}
{MICROSOFT.WEBPIMAGEEXTENSION}
{MICROSOFT.WINDOWS.PHOTOS}
{MICROSOFT.WINDOWSALARMS}
{MICROSOFT.WINDOWSCALCULATOR}
{MICROSOFT.WINDOWSCAMERA}
{MICROSOFT.WINDOWSCOMMUNICATIONSAPPS}
{MICROSOFT.WINDOWSFEEDBACKHUB}
{MICROSOFT.WINDOWSMAPS}
{MICROSOFT.WINDOWSNOTEPAD}
{MICROSOFT.WINDOWSSOUNDRECORDER}
{MICROSOFT.WINDOWSSTORE}
{MICROSOFT.WINDOWSTERMINAL}
{MICROSOFT.XBOX.TCUI}
{MICROSOFT.XBOXGAMEOVERLAY}
{MICROSOFT.XBOXGAMINGOVERLAY}
{MICROSOFT.XBOXIDENTITYPROVIDER}
{MICROSOFT.XBOXSPEECHTOTEXTOVERLAY}
{MICROSOFT.YOURPHONE}
{MICROSOFT.ZUNEMUSIC}
{MICROSOFT.ZUNEVIDEO}
{MICROSOFTCORPORATIONII.MICROSOFTFAMILY}
{MICROSOFTCORPORATIONII.QUICKASSIST}
{MICROSOFTWINDOWS.CLIENT.WEBEXPERIENCE}




{FEATURES-DISABLE} - [LAYER CHANGE TRIGGER]
{WINDOWS-DEFENDER-DEFAULT-DEFINITIONS}
{PRINTING-PRINTTOPDFSERVICES-FEATURES}
{PRINTING-XPSSERVICES-FEATURES}
{TELNETCLIENT}
{TFTP}
{TIFFIFILTER}
{LEGACYCOMPONENTS}
{DIRECTPLAY}
{MSRDC-INFRASTRUCTURE}
{WINDOWS-IDENTITY-FOUNDATION}
{MICROSOFTWINDOWSPOWERSHELLV2ROOT}
{MICROSOFTWINDOWSPOWERSHELLV2}
{SIMPLETCP}
{NETFX4-ADVSRVS}
{NETFX4EXTENDED-ASPNET45}
{WCF-SERVICES45}
{WCF-HTTP-ACTIVATION45}
{WCF-TCP-ACTIVATION45}
{WCF-PIPE-ACTIVATION45}
{WCF-MSMQ-ACTIVATION45}
{WCF-TCP-PORTSHARING45}
{IIS-WEBSERVERROLE}
{IIS-WEBSERVER}
{IIS-COMMONHTTPFEATURES}
{IIS-HTTPERRORS}
{IIS-HTTPREDIRECT}
{IIS-APPLICATIONDEVELOPMENT}
{IIS-SECURITY}
{IIS-REQUESTFILTERING}
{IIS-NETFXEXTENSIBILITY}
{IIS-NETFXEXTENSIBILITY45}
{IIS-HEALTHANDDIAGNOSTICS}
{IIS-HTTPLOGGING}
{IIS-LOGGINGLIBRARIES}
{IIS-REQUESTMONITOR}
{IIS-HTTPTRACING}
{IIS-URLAUTHORIZATION}
{IIS-IPSECURITY}
{IIS-PERFORMANCE}
{IIS-HTTPCOMPRESSIONDYNAMIC}
{IIS-WEBSERVERMANAGEMENTTOOLS}
{IIS-MANAGEMENTSCRIPTINGTOOLS}
{IIS-IIS6MANAGEMENTCOMPATIBILITY}
{IIS-METABASE}
{WAS-WINDOWSACTIVATIONSERVICE}
{WAS-PROCESSMODEL}
{WAS-NETFXENVIRONMENT}
{WAS-CONFIGURATIONAPI}
{IIS-HOSTABLEWEBCORE}
{WCF-HTTP-ACTIVATION}
{WCF-NONHTTP-ACTIVATION}
{IIS-STATICCONTENT}
{IIS-DEFAULTDOCUMENT}
{IIS-DIRECTORYBROWSING}
{IIS-WEBDAV}
{IIS-WEBSOCKETS}
{IIS-APPLICATIONINIT}
{IIS-ISAPIFILTER}
{IIS-ISAPIEXTENSIONS}
{IIS-ASPNET}
{IIS-ASPNET45}
{IIS-ASP}
{IIS-CGI}
{IIS-SERVERSIDEINCLUDES}
{IIS-CUSTOMLOGGING}
{IIS-BASICAUTHENTICATION}
{IIS-HTTPCOMPRESSIONSTATIC}
{IIS-MANAGEMENTCONSOLE}
{IIS-MANAGEMENTSERVICE}
{IIS-WMICOMPATIBILITY}
{IIS-LEGACYSCRIPTS}
{IIS-LEGACYSNAPIN}
{IIS-FTPSERVER}
{IIS-FTPSVC}
{IIS-FTPEXTENSIBILITY}
{MSMQ-CONTAINER}
{MSMQ-DCOMPROXY}
{MSMQ-SERVER}
{MSMQ-HTTP}
{MSMQ-MULTICAST}
{MSMQ-TRIGGERS}
{NETFX3}
{SMB1PROTOCOL-DEPRECATION}
{MEDIAPLAYBACK}
{WINDOWSMEDIAPLAYER}
{SEARCHENGINE-CLIENT-PACKAGE}
{WORKFOLDERS-CLIENT}
{PRINTING-FOUNDATION-FEATURES}
{PRINTING-FOUNDATION-INTERNETPRINTING-CLIENT}
{PRINTING-FOUNDATION-LPDPRINTSERVICE}
{PRINTING-FOUNDATION-LPRPORTMONITOR}
{HYPERVISORPLATFORM}
{VIRTUALMACHINEPLATFORM}
{MICROSOFT-WINDOWS-SUBSYSTEM-LINUX}
{CLIENT-PROJFS}
{SMB1PROTOCOL}
{SMB1PROTOCOL-CLIENT}
{SMB1PROTOCOL-SERVER}




{SERVICES-DELETE} - [LAYER CHANGE TRIGGER]
{APPIDSVC}
{AXINSTSV}
{BITS}
{COMSYSAPP}
{CRYPTSVC}
{DEFRAGSVC}
{DEVQUERYBROKER}
{DIAGNOSTICSHUB.STANDARDCOLLECTOR.SERVICE}
{DIAGSVC}
{DIAGTRACK}
{DISPBROKERDESKTOPSVC}
{DMENROLLMENTSVC}
{DMWAPPUSHSERVICE}
{EAPHOST}
{EDGEUPDATE}
{EDGEUPDATEM}
{ENTAPPSVC}
{FRAMESERVER}
{FRAMESERVERMONITOR}
{GRAPHICSPERFSVC}
{ICSSVC}
{IKEEXT}
{INSTALLSERVICE}
{IPHLPSVC}
{IPXLATCFGSVC}
{KEYISO}
{KTMRM}
{LANMANSERVER}
{LANMANWORKSTATION}
{LLTDSVC}
{LMHOSTS}
{LXPSVC}
{MAPSBROKER}
{MCPMANAGEMENTSERVICE}
{MIXEDREALITYOPENXRSVC}
{MSDTC}
{NATURALAUTHENTICATION}
{NCASVC}
{NCBSERVICE}
{NCDAUTOSETUP}
{NETLOGON}
{NETTCPPORTSHARING}
{NGCCTNRSVC}
{NGCSVC}
{P2PIMSVC}
{P2PSVC}
{PERCEPTIONSIMULATION}
{PERFHOST}
{PHONESVC}
{PLA}
{PNRPAUTOREG}
{PNRPSVC}
{PUSHTOINSTALL}
{RASAUTO}
{RASMAN}
{REMOTEACCESS}
{REMOTEREGISTRY}
{RETAILDEMO}
{SAMSS}
{SDRSVC}
{SECURITYHEALTHSERVICE}
{SEMGRSVC}
{SENS}
{SESSIONENV}
{SHAREDACCESS}
{SHAREDREALITYSVC}
{SHELLHWDETECTION}
{SHPAMSVC}
{SMPHOST}
{SMSROUTER}
{SNMPTRAP}
{SPECTRUM}
{SSDPSRV}
{SSH-AGENT}
{SSTPSVC}
{STORSVC}
{SVSVC}
{SWPRV}
{SYSMAIN}
{TAPISRV}
{TERMSERVICE}
{#} {TEXTINPUTMANAGEMENTSERVICE}
{#} {TIERINGENGINESERVICE}
{#} {TIMEBROKERSVC}
{#} {TOKENBROKER}
{#} {TRKWKS}
{TROUBLESHOOTINGSVC}
{UMRDPSERVICE}
{UPNPHOST}
{USOSVC}
{VACSVC}
{VAULTSVC}
{VMICGUESTINTERFACE}
{VMICHEARTBEAT}
{VMICKVPEXCHANGE}
{VMICRDV}
{VMICSHUTDOWN}
{VMICTIMESYNC}
{VMICVMSESSION}
{VMICVSS}
{VSS}
{WAASMEDICSVC}
{WALLETSERVICE}
{WBENGINE}
{WBIOSRVC}
{WDISERVICEHOST}
{WDISYSTEMHOST}
{WDNISSVC}
{WEBCLIENT}
{WEBTHREATDEFSVC}
{WECSVC}
{WERCPLSUPPORT}
{WERSVC}
{WINHTTPAUTOPROXYSVC}
{WINRM}
{WISVC}
{WLIDSVC}
{WLPASVC}
{WMANSVC}
{WMIAPSRV}
{WMPNETWORKSVC}
{WORKFOLDERSSVC}
{WPCMONSVC}
{WPNSERVICE}
{WSCSVC}
{WSEARCH}
{WUAUSERV}
{WWANSVC}
{XBLAUTHMANAGER}
{XBLGAMESAVE}
{XBOXNETAPISVC}
{AARSVC}
{BCASTDVRUSERSERVICE}
{#} {BLUETOOTHUSERSERVICE}
{#} {CAPTURESERVICE}
{CBDHSVC}
{#} {CDPUSERSVC}
{#} {CONSENTUXUSERSVC}
{#} {DEVICEASSOCIATIONBROKERSVC}
{#} {DEVICEPICKERUSERSVC}
{#} {DEVICESFLOWUSERSVC}
{#} {MESSAGINGSERVICE}
{NPSMSVC}
{ONESYNCSVC}
{#} {PENSERVICE}
{PIMINDEXMAINTENANCESVC}
{PRINTWORKFLOWUSERSVC}
{#} {UDKUSERSVC}
{UNISTORESVC}
{USERDATASVC}
{WEBTHREATDEFUSERSVC}
{WPNUSERSERVICE}




{TASKS-DELETE} - [LAYER CHANGE TRIGGER]
{MICROSOFT\WINDOWS\REGISTRY\REGIDLEBACKUP}
{MICROSOFT\WINDOWS\APPLICATION EXPERIENCE\MICROSOFT COMPATIBILITY APPRAISER}
{MICROSOFT\WINDOWS\WCM\WIFITASK}
{MICROSOFT\WINDOWS\APPLICATION EXPERIENCE\PROGRAMDATAUPDATER}
{MICROSOFT\WINDOWS\LANGUAGECOMPONENTSINSTALLER\INSTALLATION}
{MICROSOFT\WINDOWS\LOCATION\NOTIFICATIONS}
{MICROSOFT\WINDOWS\INPUT\MOUSESYNCDATAAVAILABLE}
{MICROSOFT\WINDOWS\PI\SECUREBOOTENCODEUEFI}
{MICROSOFT\WINDOWS\DEFRAG\SCHEDULEDDEFRAG}
{MICROSOFT\WINDOWS\NLASVC\WIFITASK}
{MICROSOFT\WINDOWS\CLOUDEXPERIENCEHOST\CREATEOBJECTTASK}
{MICROSOFT\WINDOWS\UNP\RUNUPDATENOTIFICATIONMGR}
{MICROSOFT\WINDOWS\SETTINGSYNC\BACKUPTASK}
{MICROSOFT\WINDOWS\INSTALLSERVICE\WAKEUPANDCONTINUEUPDATES}
{MICROSOFT\WINDOWS\INSTALLSERVICE\SCANFORUPDATESASUSER}
{MICROSOFT\WINDOWS\BITLOCKER\BITLOCKER MDM POLICY REFRESH}
{MICROSOFT\WINDOWS\SHELL\FAMILYSAFETYREFRESHTASK}
{MICROSOFT\WINDOWS\MANAGEMENT\PROVISIONING\RETRY}
{MICROSOFT\WINDOWS\APPLICATIONDATA\DSSVCCLEANUP}
{MICROSOFT\WINDOWS\TASKSCHEDULER\IDLE MAINTENANCE}
{MICROSOFT\WINDOWS\WINDOWSBACKUP\CONFIGNOTIFICATION}
{MICROSOFT\WINDOWS\NETTRACE\GATHERNETWORKINFO}
{MICROSOFT\WINDOWS\SHELL\THEMESSYNCEDIMAGEDOWNLOAD}
{MICROSOFT\WINDOWS\WININET\CACHETASK}
{MICROSOFT\WINDOWS\REMOTEASSISTANCE\REMOTEASSISTANCETASK}
{MICROSOFT\WINDOWS\CHKDSK\SYSPARTREPAIR}
{MICROSOFT\WINDOWS\MUI\LPREMOVE}
{MICROSOFT\WINDOWS\.NET FRAMEWORK\.NET FRAMEWORK NGEN V4.0.30319 CRITICAL}
{MICROSOFT\WINDOWS\SUBSCRIPTION\LICENSEACQUISITION}
{MICROSOFT\WINDOWS\APPID\POLICYCONVERTER}
{MICROSOFT\WINDOWS\UPDATEORCHESTRATOR\STARTOOBEAPPSSCAN_OOBEAPPREADY}
{MICROSOFT\WINDOWS\STORAGE TIERS MANAGEMENT\STORAGE TIERS MANAGEMENT INITIALIZATION}
{MICROSOFT\WINDOWS\SECURITY\PWDLESS\INTELLIGENTPWDLESSTASK}
{MICROSOFT\WINDOWS\INTERNATIONAL\SYNCHRONIZE LANGUAGE SETTINGS}
{MICROSOFT\WINDOWS\DEVICEDIRECTORYCLIENT\HANDLEWNSCOMMAND}
{MICROSOFT\WINDOWS\FLIGHTING\FEATURECONFIG\RECONCILEFEATURES}
{MICROSOFT\WINDOWS\LANGUAGECOMPONENTSINSTALLER\RECONCILELANGUAGERESOURCES}
{MICROSOFT\WINDOWS\SPACEPORT\SPACEMANAGERTASK}
{MICROSOFT\WINDOWS\APPID\VERIFIEDPUBLISHERCERTSTORECHECK}
{MICROSOFT\WINDOWS\SHAREDPC\ACCOUNT CLEANUP}
{MICROSOFT\WINDOWS\PUSHTOINSTALL\REGISTRATION}
{MICROSOFT\WINDOWS\UPDATEORCHESTRATOR\SCHEDULE SCAN STATIC TASK}
{MICROSOFT\WINDOWS\PLUG AND PLAY\DEVICE INSTALL GROUP POLICY}
{MICROSOFT\WINDOWS\PLUG AND PLAY\DEVICE INSTALL REBOOT REQUIRED}
{MICROSOFT\WINDOWS\SETTINGSYNC\BACKGROUNDUPLOADTASK}
{MICROSOFT\WINDOWS\DIAGNOSIS\SCHEDULED}
{MICROSOFT\WINDOWS\WORKPLACE JOIN\AUTOMATIC-DEVICE-JOIN}
{MICROSOFT\WINDOWS\SHELL\CRAWLSTARTPAGES}
{MICROSOFT\WINDOWS\WOF\WIM-HASH-VALIDATION}
{MICROSOFT\WINDOWS\EDP\EDP APP LAUNCH TASK}
{MICROSOFT\WINDOWS\MEMORYDIAGNOSTIC\MEMUSAGETASK}
{MICROSOFT\WINDOWS\STATEREPOSITORY\MAINTENANCETASKS}
{MICROSOFT\WINDOWS\WINDOWSUPDATE\AUTOMATIC APP UPDATE}
{MICROSOFT\WINDOWS\MANAGEMENT\AUTOPILOT\REMEDIATEHARDWARECHANGE}
{MICROSOFT\WINDOWS\WOF\WIM-HASH-MANAGEMENT}
{MICROSOFT\WINDOWS\CUSTOMER EXPERIENCE IMPROVEMENT PROGRAM\KERNELCEIPTASK}
{MICROSOFT\WINDOWS\DEVICEDIRECTORYCLIENT\INTEGRITYCHECK}
{MICROSOFT\WINDOWS\UPDATEORCHESTRATOR\REPORT POLICIES}
{MICROSOFT\ONECORE\DIRECTX\DIRECTXDATABASEUPDATER}
{MICROSOFT\WINDOWS\DEVICEDIRECTORYCLIENT\REGISTERDEVICEPOLICYCHANGE}
{MICROSOFT\WINDOWS\DEVICEDIRECTORYCLIENT\REGISTERDEVICEPERIODIC24}
{MICROSOFT\WINDOWS\SYSTEMRESTORE\SR}
{MICROSOFT\WINDOWS\DIRECTX\DIRECTXDATABASEUPDATER}
{MICROSOFT\WINDOWS\APPLICATIONDATA\APPURIVERIFIERINSTALL}
{MICROSOFT\WINDOWS\WLANSVC\CDSSYNC}
{MICROSOFT\WINDOWS\SERVICING\STARTCOMPONENTCLEANUP}
{MICROSOFT\WINDOWS\LICENSE MANAGER\TEMPSIGNEDLICENSEEXCHANGE}
{MICROSOFT\WINDOWS\DUSM\DUSMTASK}
{MICROSOFT\WINDOWS\UPNP\UPNPHOSTCONFIG}
{MICROSOFT\WINDOWS\PRINTING\EDUPRINTPROV}
{MICROSOFT\WINDOWS\WINDOWSUPDATE\SCHEDULED START}
{MICROSOFT\WINDOWS\WINDOWS ACTIVATION TECHNOLOGIES\VALIDATIONTASKDEADLINE}
{MICROSOFT\WINDOWS\EXPLOITGUARD\EXPLOITGUARD MDM POLICY REFRESH}
{MICROSOFT\WINDOWS\MEMORYDIAGNOSTIC\CORRUPTIONDETECTOR}
{MICROSOFT\WINDOWS\DISKDIAGNOSTIC\MICROSOFT-WINDOWS-DISKDIAGNOSTICRESOLVER}
{MICROSOFT\WINDOWS\APPLICATION EXPERIENCE\STARTUPAPPTASK}
{MICROSOFT\WINDOWS\PRINTING\PRINTJOBCLEANUPTASK}
{MICROSOFT\WINDOWS\BROKERINFRASTRUCTURE\BGTASKREGISTRATIONMAINTENANCETASK}
{MICROSOFT\WINDOWS\ENTERPRISEMGMT\MDMMAINTENENCETASK}
{MICROSOFT\WINDOWS\DEVICEDIRECTORYCLIENT\HANDLECOMMAND}
{MICROSOFT\WINDOWS\TPM\TPM-HASCERTRETR}
{MICROSOFT\WINDOWS\TASKSCHEDULER\MANUAL MAINTENANCE}
{MICROSOFT\WINDOWS\.NET FRAMEWORK\.NET FRAMEWORK NGEN V4.0.30319}
{MICROSOFT\WINDOWS\WINDOWS SUBSYSTEM FOR LINUX\APTPACKAGEINDEXUPDATE}
{MICROSOFT\WINDOWS\MANAGEMENT\PROVISIONING\RUNONREBOOT}
{MICROSOFT\WINDOWS\CUSTOMER EXPERIENCE IMPROVEMENT PROGRAM\USBCEIP}
{MICROSOFT\WINDOWS\KERNEL\LA57CLEANUP}
{MICROSOFT\WINDOWS\WAASMEDIC\PERFORMREMEDIATION}
{MICROSOFT\WINDOWS\SYSMAIN\RESPRISTATICDBSYNC}
{MICROSOFT\WINDOWS\TEXTSERVICESFRAMEWORK\MSCTFMONITOR}
{MICROSOFT\WINDOWS\APPLICATION EXPERIENCE\AITAGENT}
{MICROSOFT\WINDOWS\TASKSCHEDULER\REGULAR MAINTENANCE}
{MICROSOFT\WINDOWS\FEEDBACK\SIUF\DMCLIENT}
{MICROSOFT\WINDOWS\DATA INTEGRITY SCAN\DATA INTEGRITY CHECK AND SCAN}
{MICROSOFT\WINDOWS\TPM\TPM-MAINTENANCE}
{MICROSOFT\WINDOWS\UPDATEORCHESTRATOR\START OOBE EXPEDITE WORK}
{MICROSOFT\WINDOWS\DISKFOOTPRINT\STORAGESENSE}
{MICROSOFT\WINDOWS\CERTIFICATESERVICESCLIENT\SYSTEMTASK}
{MICROSOFT\WINDOWS\DATA INTEGRITY SCAN\DATA INTEGRITY SCAN FOR CRASH RECOVERY}
{MICROSOFT\WINDOWS\WS\BADGE UPDATE}
{MICROSOFT\WINDOWS\TIME SYNCHRONIZATION\SYNCHRONIZETIME}
{MICROSOFT\WINDOWS\DEVICEDIRECTORYCLIENT\REGISTERDEVICEACCOUNTCHANGE}
{MICROSOFT\WINDOWS\LIVE\ROAMING\SYNCHRONIZEWITHSTORAGE}
{MICROSOFT\WINDOWS\WORK FOLDERS\WORK FOLDERS LOGON SYNCHRONIZATION}
{MICROSOFT\WINDOWS\TIME ZONE\SYNCHRONIZETIMEZONE}
{MICROSOFT\WINDOWS\LANGUAGECOMPONENTSINSTALLER\UNINSTALLATION}
{MICROSOFT\WINDOWS\CHKDSK\PROACTIVESCAN}
{MICROSOFT\WINDOWS\DIAGNOSIS\RECOMMENDEDTROUBLESHOOTINGSCANNER}
{MICROSOFT\WINDOWS\PLA\SYSTEM\CONVERTLOGENTRIES}
{MICROSOFT\WINDOWS\RAS\MOBILITYMANAGER}
{MICROSOFT\WINDOWS\USER PROFILE SERVICE\HIVEUPLOADTASK}
{MICROSOFT\WINDOWS\WORKPLACE JOIN\RECOVERY-CHECK}
{MICROSOFT\WINDOWS\ACTIVE DIRECTORY RIGHTS MANAGEMENT SERVICES CLIENT\AD RMS RIGHTS POLICY TEMPLATE MANAGEMENT (MANUAL)}
{MICROSOFT\WINDOWS\MEMORYDIAGNOSTIC\DECOMPRESSIONFAILUREDETECTOR}
{MICROSOFT\WINDOWS\DATA INTEGRITY SCAN\DATA INTEGRITY SCAN}
{MICROSOFT\WINDOWS\SETUP\SETUPCLEANUPTASK}
{MICROSOFT\WINDOWS\AUTOCHK\PROXY}
{MICROSOFT\WINDOWS\INPUT\LOCALUSERSYNCDATAAVAILABLE}
{MICROSOFT\WINDOWS\CERTIFICATESERVICESCLIENT\KEYPREGENTASK}
{MICROSOFT\WINDOWS\DEVICEDIRECTORYCLIENT\REGISTERDEVICELOCATIONRIGHTSCHANGE}
{MICROSOFT\WINDOWS\CERTIFICATESERVICESCLIENT\CRYPTOPOLICYTASK}
{MICROSOFT\WINDOWS\WS\LICENSE VALIDATION}
{MICROSOFT\WINDOWS\DEVICEDIRECTORYCLIENT\REGISTERDEVICESETTINGCHANGE}
{MICROSOFT\WINDOWS\APPLISTBACKUP\BACKUP}
{MICROSOFT\WINDOWS\PLUG AND PLAY\SYSPREP GENERALIZE DRIVERS}
{MICROSOFT\WINDOWS\SYSMAIN\HYBRIDDRIVECACHEPREPOPULATE}
{MICROSOFT\WINDOWS\SYSMAIN\HYBRIDDRIVECACHEREBALANCE}
{MICROSOFT\WINDOWS\MULTIMEDIA\SYSTEMSOUNDSSERVICE}
{MICROSOFT\WINDOWS\MEMORYDIAGNOSTIC\RUNFULLMEMORYDIAGNOSTIC}
{MICROSOFT\WINDOWS\FLIGHTING\ONESETTINGS\REFRESHCACHE}
{MICROSOFT\WINDOWS\SETTINGSYNC\NETWORKSTATECHANGETASK}
{MICROSOFT\XBLGAMESAVE\XBLGAMESAVETASK}
{MICROSOFT\WINDOWS\POWER EFFICIENCY DIAGNOSTICS\ANALYZESYSTEM}
{MICROSOFT\WINDOWS\WORK FOLDERS\WORK FOLDERS MAINTENANCE WORK}
{MICROSOFT\WINDOWS\APPXDEPLOYMENTCLIENT\PRE-STAGED APP CLEANUP}
{MICROSOFT\WINDOWS\WS\WSTASK}
{MICROSOFT\WINDOWS\DISKFOOTPRINT\DIAGNOSTICS}
{MICROSOFT\WINDOWS\WINDOWS FILTERING PLATFORM\BFEONSERVICESTARTTYPECHANGE}
{MICROSOFT\WINDOWS\WINDOWSUPDATE\SIHBOOT}
{MICROSOFT\WINDOWS\WINDOWSCOLORSYSTEM\CALIBRATION LOADER}
{MICROSOFT\WINDOWS\MANAGEMENT\PROVISIONING\LOGON}
{MICROSOFT\WINDOWS\UPDATEORCHESTRATOR\STARTOOBEAPPSSCANAFTERUPDATE}
{MICROSOFT\WINDOWS\INSTALLSERVICE\SCANFORUPDATES}
{MICROSOFT\WINDOWS\TASK MANAGER\INTERACTIVE}
{MICROSOFT\WINDOWS\MANAGEMENT\AUTOPILOT\DETECTHARDWARECHANGE}
{MICROSOFT\WINDOWS\MAPS\MAPSUPDATETASK}
{MICROSOFT\WINDOWS\EDP\EDP AUTH TASK}
{MICROSOFT\WINDOWS\SHELL\THEMEASSETTASK_SYNCFODSTATE}
{MICROSOFT\WINDOWS\INPUT\PENSYNCDATAAVAILABLE}
{MICROSOFT\WINDOWS\DEVICE INFORMATION\DEVICE}
{MICROSOFT\WINDOWS\INSTALLSERVICE\WAKEUPANDSCANFORUPDATES}
{MICROSOFT\WINDOWS\WINDOWS ACTIVATION TECHNOLOGIES\VALIDATIONTASK}
{MICROSOFT\WINDOWS\MANAGEMENT\PROVISIONING\MDMDIAGNOSTICSCLEANUP}
{MICROSOFT\WINDOWS\PRINTING\PRINTERCLEANUPTASK}
{MICROSOFT\WINDOWS\CERTIFICATESERVICESCLIENT\USERTASK-ROAM}
{MICROSOFT\WINDOWS\MAPS\MAPSTOASTTASK}
{MICROSOFT\WINDOWS\UPDATEORCHESTRATOR\STARTOOBEAPPSSCAN_LICENSEACCEPTED}
{MICROSOFT\WINDOWS\UPDATEORCHESTRATOR\UUS FAILOVER TASK}
{MICROSOFT\WINDOWS\ACTIVE DIRECTORY RIGHTS MANAGEMENT SERVICES CLIENT\AD RMS RIGHTS POLICY TEMPLATE MANAGEMENT (AUTOMATED)}
{MICROSOFT\WINDOWS\LIVE\ROAMING\MAINTENANCETASK}
{MICROSOFT\WINDOWS\DEVICEDIRECTORYCLIENT\LOCATECOMMANDUSERSESSION}
{MICROSOFT\WINDOWS\DEVICE SETUP\METADATA REFRESH}
{MICROSOFT\WINDOWS\WINDOWS DEFENDER\WINDOWS DEFENDER SCHEDULED SCAN}
{MICROSOFT\WINDOWS\DEVICEDIRECTORYCLIENT\REGISTERDEVICEPROTECTIONSTATECHANGED}
{MICROSOFT\WINDOWS\USB\USB-NOTIFICATIONS}
{MICROSOFT\WINDOWS\BLUETOOTH\UNINSTALLDEVICETASK}
{MICROSOFT\WINDOWS\BITLOCKER\BITLOCKER ENCRYPT ALL DRIVES}
{MICROSOFT\WINDOWS\WDI\RESOLUTIONHOST}
{MICROSOFT\WINDOWS\CLOUDRESTORE\RESTORE}
{MICROSOFT\WINDOWS\INPUT\TOUCHPADSYNCDATAAVAILABLE}
{MICROSOFT\WINDOWS\CERTIFICATESERVICESCLIENT\AIKCERTENROLLTASK}
{MICROSOFT\WINDOWS\WLANSVC\MOPROFILEMANAGEMENT}
{MICROSOFT\WINDOWS\DISKDIAGNOSTIC\MICROSOFT-WINDOWS-DISKDIAGNOSTICDATACOLLECTOR}
{MICROSOFT\WINDOWS\DEVICEDIRECTORYCLIENT\REGISTERUSERDEVICE}
{MICROSOFT\WINDOWS\SHELL\INDEXERAUTOMATICMAINTENANCE}
{MICROSOFT\WINDOWS\.NET FRAMEWORK\.NET FRAMEWORK NGEN V4.0.30319 64}
{MICROSOFT\WINDOWS\.NET FRAMEWORK\.NET FRAMEWORK NGEN V4.0.30319 64 CRITICAL}
{MICROSOFT\WINDOWS\MANAGEMENT\PROVISIONING\CELLULAR}
{MICROSOFT\WINDOWS\RECOVERYENVIRONMENT\VERIFYWINRE}
{MICROSOFT\WINDOWS\CERTIFICATESERVICESCLIENT\USERTASK}
{MICROSOFT\WINDOWS\SHELL\FAMILYSAFETYMONITOR}
{MICROSOFT\WINDOWS\UPDATEORCHESTRATOR\UPDATEMODELTASK}
{MICROSOFT\WINDOWS\FILEHISTORY\FILE HISTORY (MAINTENANCE MODE)}
{MICROSOFT\WINDOWS\WWANSVC\OOBEDISCOVERY}
{MICROSOFT\WINDOWS\CLIP\LICENSE VALIDATION}
{MICROSOFT\WINDOWS\TIME SYNCHRONIZATION\FORCESYNCHRONIZETIME}
{MICROSOFT\WINDOWS\PI\SECURE-BOOT-UPDATE}
{MICROSOFT\WINDOWS\PUSHTOINSTALL\LOGINCHECK}
{MICROSOFT\WINDOWS\LOCATION\WINDOWSACTIONDIALOG}
{MICROSOFT\WINDOWS\APPLICATIONDATA\APPURIVERIFIERDAILY}
{MICROSOFT\WINDOWS\WS\SYNC LICENSES}
{MICROSOFT\WINDOWS\DIRECTX\DXGIADAPTERCACHE}
{MICROSOFT\WINDOWS\EDP\EDP INACCESSIBLE CREDENTIALS TASK}
{MICROSOFT\WINDOWS\WINDOWS DEFENDER\WINDOWS DEFENDER CACHE MAINTENANCE}
{MICROSOFT\WINDOWS\INSTALLSERVICE\SMARTRETRY}
{MICROSOFT\WINDOWS\DISKCLEANUP\SILENTCLEANUP}
{MICROSOFT\WINDOWS\SUBSCRIPTION\ENABLELICENSEACQUISITION}
{MICROSOFT\WINDOWS\CAPABILITYACCESSMANAGER\MAINTENANCETASKS}
{MICROSOFT\WINDOWS\SPACEPORT\SPACEAGENTTASK}
{MICROSOFT\WINDOWS\WINDOWS DEFENDER\WINDOWS DEFENDER CLEANUP}
{MICROSOFT\WINDOWS\UPDATEORCHESTRATOR\USO_UXBROKER}
{MICROSOFT\WINDOWS\MANAGEMENT\PROVISIONING\POSTRESETBOOT}
{MICROSOFT\WINDOWS\PI\SQM-TASKS}
{MICROSOFT\WINDOWS\SHELL\UPDATEUSERPICTURETASK}
{MICROSOFT\WINDOWS\FLIGHTING\FEATURECONFIG\USAGEDATAFLUSHING}
{MICROSOFT\WINDOWS\WINDOWS ERROR REPORTING\QUEUEREPORTING}
{MICROSOFT\WINDOWS\EDP\STORAGECARDENCRYPTION TASK}
{MICROSOFT\WINDOWS\APPID\EDP POLICY MANAGER}
{MICROSOFT\WINDOWS\WWANSVC\NOTIFICATIONTASK}
{MICROSOFT\WINDOWS\WINDOWS DEFENDER\WINDOWS DEFENDER VERIFICATION}
{MICROSOFT\WINDOWS\MEMORYDIAGNOSTIC\PROCESSMEMORYDIAGNOSTICEVENTS}
{MICROSOFT\WINDOWS\FEEDBACK\SIUF\DMCLIENTONSCENARIODOWNLOAD}
{MICROSOFT\WINDOWS\DEVICE INFORMATION\DEVICE USER}
{MICROSOFT\WINDOWS\FLIGHTING\FEATURECONFIG\USAGEDATAREPORTING}
{MICROSOFT\WINDOWS\WINDOWS MEDIA SHARING\UPDATELIBRARY}
{MICROSOFT\WINDOWS\SYSMAIN\WSSWAPASSESSMENTTASK}
{MICROSOFT\WINDOWS\SHELL\CREATEOBJECTTASK}
{MICROSOFT\WINDOWS\SPEECH\SPEECHMODELDOWNLOADTASK}
{MICROSOFT\WINDOWS\APPLICATION EXPERIENCE\SDBINSTMERGEDBTASK}
{MICROSOFT\WINDOWS\WS\WSREFRESHBANNEDAPPSLISTTASK}
{MICROSOFT\WINDOWS\MAINTENANCE\WINSAT}
{MICROSOFT\WINDOWS\APPLICATIONDATA\CLEANUPTEMPORARYSTATE}
{MICROSOFT\WINDOWS\CUSTOMER EXPERIENCE IMPROVEMENT PROGRAM\CONSOLIDATOR}
{MICROSOFT\WINDOWS\TASKSCHEDULER\MAINTENANCE CONFIGURATOR}
{MICROSOFT\WINDOWS\WORKPLACE JOIN\DEVICE-SYNC}
{MICROSOFT\WINDOWS\STORAGE TIERS MANAGEMENT\STORAGE TIERS OPTIMIZATION}




{PACKAGES-DELETE} - [LAYER CHANGE TRIGGER]
{LANGUAGEFEATURES-WORDBREAKING-COMMON-LEGACY-PACKAGE}
{LANGUAGEFEATURES-WORDBREAKING-EN-LEGACY-PACKAGE}
{LANGUAGEFEATURES-WORDBREAKING-EN-LEGACY-WOW64-PACKAGE}
{LANGUAGEFEATURES-WORDBREAKING-EN-PACKAGE}
{LANGUAGEFEATURES-WORDBREAKING-EN-WOW64-PACKAGE}
{MICROSOFT-CLIENT-LICENSE-PLATFORM-UPGRADE-SUBSCRIPTION-CORE-PACKAGE}
{MICROSOFT-COMPOSABLE-PLATFORMEXTENSION-DRAGDROPCOMMON-PACKAGE}
{MICROSOFT-COMPOSABLE-PLATFORMEXTENSION-DRAGDROPCOMMON-WOW64-PACKAGE}
{MICROSOFT-ONECORE-DEVICEUPDATECENTER-PACKAGE}
{MICROSOFT-ONECORE-IDENTITY-TENANTRESTRICTIONS-PACKAGE}
{MICROSOFT-ONECORE-IDENTITY-TENANTRESTRICTIONS-WOW64-PACKAGE}
{MICROSOFT-ONECORE-LIBRESSL-PACKAGE}
{MICROSOFT-ONECORE-OPENSSH-CLIENTONLY-PACKAGE}
{MICROSOFT-ONECORE-OPENSSH-COMMON-PACKAGE}
{MICROSOFT-ONECORE-WINDOWSIOT-PACKAGE}
{MICROSOFT-ONECOREUAP-APPRUNTIME-REMOTEAPPLIFETIMEMANAGER-PACKAGE}
{MICROSOFT-SHIELDED-VM-SERVICE-PACKAGE}
{MICROSOFT-WINDOWS-APPMANAGEMENT-APPV-PACKAGE}
{MICROSOFT-WINDOWS-APPMANAGEMENT-APPV-WOW64-PACKAGE}
{MICROSOFT-WINDOWS-APPMANAGEMENT-UEV-PACKAGE}
{MICROSOFT-WINDOWS-APPMANAGEMENT-UEV-WOW64-PACKAGE}
{MICROSOFT-WINDOWS-APPSERVERCLIENT-OPTGROUP-MERGED-PACKAGE}
{MICROSOFT-WINDOWS-APPSERVERCLIENT-OPTGROUP-PACKAGE}
{MICROSOFT-WINDOWS-APPSERVERCLIENT-OPTGROUP-WOW64-MERGED-PACKAGE}
{MICROSOFT-WINDOWS-APPSERVERCLIENT-OPTGROUP-WOW64-PACKAGE}
{MICROSOFT-WINDOWS-BIOENROLLMENT-UX-PACKAGE}
{MICROSOFT-WINDOWS-BRANDING-CORE-PACKAGE}
{MICROSOFT-WINDOWS-BROWSER-PACKAGE}
{MICROSOFT-WINDOWS-CLIENT-ASSIGNEDACCESS-PACKAGE}
{MICROSOFT-WINDOWS-CLIENT-ASSIGNEDACCESS-WOW64-PACKAGE}
{MICROSOFT-WINDOWS-CLIENTFORNFS-INFRASTRUCTURE-OPTGROUP-PACKAGE}
{MICROSOFT-WINDOWS-COM-MSMQ-PACKAGE}
{#} {MICROSOFT-WINDOWS-CONFIGCI-ONECORE-PACKAGE}
{#} {MICROSOFT-WINDOWS-CONFIGCI-ONECORE-PACKAGE}
{#} {MICROSOFT-WINDOWS-CONFIGCI-ONECORE-WOW64-PACKAGE}
{#} {MICROSOFT-WINDOWS-CONFIGCI-ONECORE-WOW64-PACKAGE}
{#} {MICROSOFT-WINDOWS-CONFIGCI-PACKAGE}
{#} {MICROSOFT-WINDOWS-CONFIGCI-PACKAGE}
{#} {MICROSOFT-WINDOWS-CORE-SPP-COMPONENTS-PACKAGE}
{#} {MICROSOFT-WINDOWS-COREEDITION-WRAPPER}
{MICROSOFT-WINDOWS-CORESYSTEM-REMOTEFS-CLIENT-PACKAGE}
{MICROSOFT-WINDOWS-DATACENTERBRIDGING-OPT-PACKAGE}
{MICROSOFT-WINDOWS-DATACENTERBRIDGING-OPT-WOW64-PACKAGE}
{MICROSOFT-WINDOWS-DATACENTERBRIDGING-PACKAGE}
{MICROSOFT-WINDOWS-DATACENTERBRIDGING-WOW64-PACKAGE}
{MICROSOFT-WINDOWS-DEDUP-CHUNKLIBRARY-PACKAGE}
{MICROSOFT-WINDOWS-DESKTOP-BCDTEMPLATE-CLIENT-PACKAGE}
{MICROSOFT-WINDOWS-DIRECTORYSERVICES-ADAM-CLIENT-ADMIN-PACKAGE}
{MICROSOFT-WINDOWS-DIRECTORYSERVICES-ADAM-CLIENT-OPTGROUP-PACKAGE}
{MICROSOFT-WINDOWS-DIRECTORYSERVICES-ADAM-CLIENT-PACKAGE}
{MICROSOFT-WINDOWS-DIRECTORYSERVICES-ADAM-CORE-CLIENT-OPT-PACKAGE}
{MICROSOFT-WINDOWS-DIRECTORYSERVICES-ADAM-INSTALL-GROUP-PACKAGE}
{MICROSOFT-WINDOWS-DIRECTORYSERVICES-ADAM-SNAPINS-ADMIN-PACKAGE}
{MICROSOFT-WINDOWS-DIRECTORYSERVICES-ADAM-SNAPINS-GROUP-PACKAGE}
{MICROSOFT-WINDOWS-DIRECTORYSERVICES-ADAM-TOOLS-OPT-MERGED-PACKAGE}
{MICROSOFT-WINDOWS-DIRECTORYSERVICES-ADAM-TOOLS-OPT-PACKAGE}
{#} {MICROSOFT-WINDOWS-EDITIONPACK-CORE-PACKAGE}
{#} {MICROSOFT-WINDOWS-EDITIONPACK-CORE-WOW64-PACKAGE}
{#} {MICROSOFT-WINDOWS-EDITIONS-CORE-PACKAGE}
{#} {MICROSOFT-WINDOWS-EDITIONSPECIFIC-CORE-PACKAGE}
{#} {MICROSOFT-WINDOWS-EMBEDDED-ASSIGNEDACCESSCSP-PACKAGE}
{MICROSOFT-WINDOWS-ENTERPRISECLIENTSYNC-HOST-OPT-PACKAGE}
{MICROSOFT-WINDOWS-ENTERPRISECLIENTSYNC-HOST-PACKAGE}
{MICROSOFT-WINDOWS-ERRORREPORTING-ADM-PACKAGE}
{MICROSOFT-WINDOWS-ERRORREPORTINGDUMPTYPECONTROL-PACKAGE}
{MICROSOFT-WINDOWS-FCI-CLIENT-PACKAGE}
{MICROSOFT-WINDOWS-FCI-CLIENT-WOW64-PACKAGE}
{MICROSOFT-WINDOWS-FLIPGRIDPWA-PACKAGE}
{MICROSOFT-WINDOWS-HELLO-FACE-PACKAGE-WRAPPER}
{MICROSOFT-WINDOWS-HELLO-FACE-PACKAGE}
{MICROSOFT-WINDOWS-HELP-CLIENTOOBE-FEATURE-PACKAGE}
{MICROSOFT-WINDOWS-HELP-CLIENTUA-CLIENT-MERGED-PACKAGE}
{MICROSOFT-WINDOWS-HELP-CLIENTUA-CLIENT-PACKAGE}
{MICROSOFT-WINDOWS-HOLOGRAPHIC-DESKTOP-ANALOG-PACKAGE}
{MICROSOFT-WINDOWS-HOLOGRAPHIC-DESKTOP-ANALOG-WOW64-PACKAGE}
{MICROSOFT-WINDOWS-HOLOGRAPHIC-DESKTOP-MERGED-MERGED-PACKAGE}
{MICROSOFT-WINDOWS-HOLOGRAPHIC-DESKTOP-MERGED-PACKAGE}
{MICROSOFT-WINDOWS-HOLOGRAPHIC-DESKTOP-MERGED-WOW64-MERGED-PACKAGE}
{MICROSOFT-WINDOWS-HOLOGRAPHIC-DESKTOP-MERGED-WOW64-PACKAGE}
{MICROSOFT-WINDOWS-HOST-GUARDIAN-DEPLOYMENT-MERGED-PACKAGE}
{MICROSOFT-WINDOWS-HOST-GUARDIAN-DEPLOYMENT-PACKAGE}
{MICROSOFT-WINDOWS-HVSI-COMPONENTS-PACKAGE}
{MICROSOFT-WINDOWS-HVSI-COMPONENTS-WOW64-PACKAGE}
{MICROSOFT-WINDOWS-HVSI-PACKAGE}
{MICROSOFT-WINDOWS-HVSI-WOW64-PACKAGE}
{MICROSOFT-WINDOWS-HYPHENATION-DICTIONARIES-EN-PACKAGE}
{MICROSOFT-WINDOWS-IDENTITY-FOUNDATION-OPT-PACKAGE}
{MICROSOFT-WINDOWS-IDENTITY-FOUNDATION-PACKAGE}
{MICROSOFT-WINDOWS-IIS-WEBSERVER-ADDON-2-PACKAGE}
{MICROSOFT-WINDOWS-IIS-WEBSERVER-ADDON-2-SERVERCOMMON-PACKAGE}
{MICROSOFT-WINDOWS-IIS-WEBSERVER-ADDON-PACKAGE}
{MICROSOFT-WINDOWS-IIS-WEBSERVER-ADDON-SERVERCOMMON-PACKAGE}
{MICROSOFT-WINDOWS-IIS-WEBSERVER-PACKAGE}
{MICROSOFT-WINDOWS-IIS-WEBSERVER-SERVERCOMMON-PACKAGE}
{MICROSOFT-WINDOWS-INTERNET-BROWSER-PACKAGE}
{MICROSOFT-WINDOWS-LANGUAGEFEATURES-BASIC-EN-US-PACKAGE-WRAPPER}
{MICROSOFT-WINDOWS-LANGUAGEFEATURES-BASIC-EN-US-PACKAGE}
{MICROSOFT-WINDOWS-LANGUAGEFEATURES-OCR-EN-US-PACKAGE-WRAPPER}
{MICROSOFT-WINDOWS-LANGUAGEFEATURES-OCR-EN-US-PACKAGE}
{MICROSOFT-WINDOWS-LANGUAGEFEATURES-SPEECH-EN-US-PACKAGE-WRAPPER}
{MICROSOFT-WINDOWS-LANGUAGEFEATURES-SPEECH-EN-US-PACKAGE}
{MICROSOFT-WINDOWS-LANGUAGEFEATURES-TEXTTOSPEECH-EN-US-PACKAGE-WRAPPER}
{MICROSOFT-WINDOWS-LANGUAGEFEATURES-TEXTTOSPEECH-EN-US-PACKAGE}
{MICROSOFT-WINDOWS-LXSS-MERGED-PACKAGE}
{MICROSOFT-WINDOWS-LXSS-OPTIONAL-MERGED-PACKAGE}
{MICROSOFT-WINDOWS-LXSS-OPTIONAL-PACKAGE}
{MICROSOFT-WINDOWS-LXSS-OPTIONAL-WOW64-MERGED-PACKAGE}
{MICROSOFT-WINDOWS-LXSS-OPTIONAL-WOW64-PACKAGE}
{MICROSOFT-WINDOWS-LXSS-PACKAGE}
{MICROSOFT-WINDOWS-LXSS-WOW64-PACKAGE}
{MICROSOFT-WINDOWS-MANAGEMENT-SECUREASSESSMENT-PACKAGE}
{MICROSOFT-WINDOWS-MEDIA-PLAYER-PACKAGE}
{MICROSOFT-WINDOWS-MEDIA-PLAYER-WOW64-PACKAGE}
{MICROSOFT-WINDOWS-MEDIAPLAYBACK-OC-PACKAGE}
{MICROSOFT-WINDOWS-MEDIAPLAYER-OPT-MERGED-PACKAGE}
{MICROSOFT-WINDOWS-MEDIAPLAYER-OPT-PACKAGE}
{MICROSOFT-WINDOWS-MEDIAPLAYER-OPT-WOW64-MERGED-PACKAGE}
{MICROSOFT-WINDOWS-MEDIAPLAYER-OPT-WOW64-PACKAGE}
{MICROSOFT-WINDOWS-MEDIAPLAYER-PACKAGE-WRAPPER}
{MICROSOFT-WINDOWS-MEDIAPLAYER-PACKAGE}
{MICROSOFT-WINDOWS-MEDIAPLAYER-PAYLOAD-PACKAGE}
{MICROSOFT-WINDOWS-MEDIAPLAYER-PAYLOAD-WOW64-PACKAGE}
{MICROSOFT-WINDOWS-MOBILEPC-CLIENT-PREMIUM-PACKAGE}
{MICROSOFT-WINDOWS-MSMQ-ADINTEGRATION-OPT-PACKAGE}
{MICROSOFT-WINDOWS-MSMQ-CLIENT-HOME-PREMIUM-PACKAGE}
{MICROSOFT-WINDOWS-MSMQ-CLIENT-HOME-PREMIUM-WOW64-PACKAGE}
{MICROSOFT-WINDOWS-MSMQ-CLIENT-PACKAGE}
{MICROSOFT-WINDOWS-MSMQ-CLIENT-WOW64-PACKAGE}
{MICROSOFT-WINDOWS-MSMQ-DCOMPROXY-OPT-PACKAGE}
{MICROSOFT-WINDOWS-MSMQ-DCOMPROXY-OPT-WOW64-PACKAGE}
{MICROSOFT-WINDOWS-MSMQ-HTTP-OPT-PACKAGE}
{MICROSOFT-WINDOWS-MSMQ-HTTP-OPT-WOW64-PACKAGE}
{MICROSOFT-WINDOWS-MSMQ-MMC-OPT-PACKAGE}
{MICROSOFT-WINDOWS-MSMQ-MMC-OPT-WOW64-PACKAGE}
{MICROSOFT-WINDOWS-MSMQ-MMC-OPTGROUP-PACKAGE}
{MICROSOFT-WINDOWS-MSMQ-MMC-OPTGROUP-WOW64-PACKAGE}
{MICROSOFT-WINDOWS-MSMQ-MULTICAST-OPT-PACKAGE}
{MICROSOFT-WINDOWS-MSMQ-POWERSHELL-OPT-PACKAGE}
{MICROSOFT-WINDOWS-MSMQ-POWERSHELL-OPT-WOW64-PACKAGE}
{MICROSOFT-WINDOWS-MSMQ-RUNTIME-OPT-PACKAGE}
{MICROSOFT-WINDOWS-MSMQ-RUNTIME-OPT-WOW64-PACKAGE}
{MICROSOFT-WINDOWS-MSMQ-SERVER-OPT-PACKAGE}
{MICROSOFT-WINDOWS-MSMQ-TRIGGERS-OPT-PACKAGE}
{MICROSOFT-WINDOWS-MSMQ-TRIGGERS-OPT-WOW64-PACKAGE}
{MICROSOFT-WINDOWS-MULTIPOINT-CONNECTOR-PACKAGE}
{MICROSOFT-WINDOWS-NETFX2-OC-PACKAGE}
{MICROSOFT-WINDOWS-NETFX3-OC-PACKAGE}
{MICROSOFT-WINDOWS-NETFX3-ONDEMAND-PACKAGE}
{MICROSOFT-WINDOWS-NETFX3-WCF-OC-PACKAGE}
{MICROSOFT-WINDOWS-NETWORK-CONNECTIVITY-ASSISTANT-SERVICE-PACKAGE}
{MICROSOFT-WINDOWS-NETWORKDIAGNOSTICS-DIRECTACCESSENTRY-PACKAGE}
{MICROSOFT-WINDOWS-NFS-ADMINISTRATION-D-OPT-PACKAGE}
{MICROSOFT-WINDOWS-NFS-CLIENTCORE-D-OPT-PACKAGE}
{MICROSOFT-WINDOWS-NFS-CLIENTLOCALUI-D-OPT-PACKAGE}
{MICROSOFT-WINDOWS-NFS-CLIENTSKU-PACKAGE}
{MICROSOFT-WINDOWS-OFFLINEFILES-MERGED-PACKAGE}
{MICROSOFT-WINDOWS-OFFLINEFILES-PACKAGE}
{MICROSOFT-WINDOWS-OFFLINEFILES-UI-PACKAGE}
{MICROSOFT-WINDOWS-OFFLINEFILES-WOW64-PACKAGE}
{MICROSOFT-WINDOWS-ONEDRIVE-SETUP-PACKAGE}
{MICROSOFT-WINDOWS-ONEDRIVE-SETUP-WOW64-PACKAGE}
{MICROSOFT-WINDOWS-OUTLOOKPWA-PACKAGE}
{MICROSOFT-WINDOWS-PAW-FEATURE-PACKAGE}
{MICROSOFT-WINDOWS-PAW-MERGED-PACKAGE}
{MICROSOFT-WINDOWS-PAW-PACKAGE}
{MICROSOFT-WINDOWS-PEERDIST-CLIENT-GROUP-PACKAGE}
{MICROSOFT-WINDOWS-PEERDIST-CLIENT-GROUP-WOW64-PACKAGE}
{MICROSOFT-WINDOWS-PEERDIST-CLIENT-PACKAGE}
{MICROSOFT-WINDOWS-PEERDIST-CLIENT-WOW64-PACKAGE}
{MICROSOFT-WINDOWS-PHOTOBASIC-FEATURE-PACKAGE}
{MICROSOFT-WINDOWS-PHOTOBASIC-FEATURE-WOW64-PACKAGE}
{MICROSOFT-WINDOWS-PHOTOBASIC-MERGED-PACKAGE}
{MICROSOFT-WINDOWS-PHOTOBASIC-PACKAGE}
{MICROSOFT-WINDOWS-PHOTOBASIC-PICTURETOOLS-PACKAGE}
{MICROSOFT-WINDOWS-PHOTOBASIC-PICTURETOOLS-WOW64-PACKAGE}
{MICROSOFT-WINDOWS-PHOTOBASIC-WOW64-MERGED-PACKAGE}
{MICROSOFT-WINDOWS-PHOTOBASIC-WOW64-PACKAGE}
{MICROSOFT-WINDOWS-POWERSHELL-ISE-FOD-PACKAGE-WRAPPER}
{MICROSOFT-WINDOWS-POWERSHELL-ISE-FOD-PACKAGE}
{MICROSOFT-WINDOWS-POWERSHELL-V2-CLIENT-PACKAGE}
{MICROSOFT-WINDOWS-PRINTER-DRIVERS-PACKAGE}
{MICROSOFT-WINDOWS-PRINTING-FOUNDATION-PACKAGE}
{MICROSOFT-WINDOWS-PRINTING-INTERNETPRINTING-CLIENT-OPT-PACKAGE}
{MICROSOFT-WINDOWS-PRINTING-LOCALPRINTING-ENTERPRISE-PACKAGE}
{MICROSOFT-WINDOWS-PRINTING-LOCALPRINTING-HOME-PACKAGE}
{MICROSOFT-WINDOWS-PRINTING-LPDPRINTSERVICE-OPT-PACKAGE}
{MICROSOFT-WINDOWS-PRINTING-LPRPORTMONITOR-OPT-PACKAGE}
{MICROSOFT-WINDOWS-PRINTING-PREMIUMTOOLS-PACKAGE}
{MICROSOFT-WINDOWS-PRINTING-PRINTTOPDF-OPT-PACKAGE}
{MICROSOFT-WINDOWS-PRINTING-PRINTTOPDFSERVICES-PACKAGE}
{MICROSOFT-WINDOWS-PRINTING-XPSDOCUMENTWRITER-OPT-PACKAGE}
{MICROSOFT-WINDOWS-PRINTING-XPSSERVICES-PACKAGE}
{MICROSOFT-WINDOWS-PROJFS-OPTIONALFEATURE-PACKAGE}
{MICROSOFT-WINDOWS-PROJFS-PACKAGE}
{MICROSOFT-WINDOWS-RDC-OPT-PACKAGE}
{MICROSOFT-WINDOWS-RDC-PACKAGE}
{MICROSOFT-WINDOWS-RECDISC-SDP-REMOVABLE-PACKAGE}
{MICROSOFT-WINDOWS-REMOTEASSISTANCE-PACKAGE-CLIENT}
{MICROSOFT-WINDOWS-SEARCHENGINE-CLIENT-PACKAGE-BASE-PACKAGE}
{MICROSOFT-WINDOWS-SEARCHENGINE-CLIENT-PACKAGE-ONECOREUAP-PACKAGE}
{MICROSOFT-WINDOWS-SEARCHENGINE-CLIENT-PACKAGE-SHELL-PACKAGE}
{MICROSOFT-WINDOWS-SEARCHENGINE-CLIENT-PACKAGE}
{MICROSOFT-WINDOWS-SECURESTARTUP-BASIC-PACKAGE}
{MICROSOFT-WINDOWS-SECURESTARTUP-BASIC-SUBSYSTEM-PACKAGE}
{MICROSOFT-WINDOWS-SECURESTARTUP-BASIC-SUBSYSTEM-WOW64-PACKAGE}
{MICROSOFT-WINDOWS-SECURESTARTUP-PACKAGE}
{MICROSOFT-WINDOWS-SECURESTARTUP-SUBSYSTEM-PACKAGE}
{MICROSOFT-WINDOWS-SECURESTARTUP-SUBSYSTEM-WOW64-PACKAGE}
{MICROSOFT-WINDOWS-SENSECLIENT-PACKAGE}
{MICROSOFT-WINDOWS-SHELL-WALLPAPER-COMMON-PACKAGE}
{MICROSOFT-WINDOWS-SIMPLETCP-OPT-PACKAGE}
{MICROSOFT-WINDOWS-SIMPLETCP-PACKAGE}
{MICROSOFT-WINDOWS-SMB1-PACKAGE}
{MICROSOFT-WINDOWS-SMB1CLIENT-D-OPT-PACKAGE}
{MICROSOFT-WINDOWS-SMB1DEPRECATION-GROUP-PACKAGE}
{MICROSOFT-WINDOWS-SMB1DEPRECATION-PACKAGE}
{MICROSOFT-WINDOWS-SMB1SERVER-D-OPT-PACKAGE}
{MICROSOFT-WINDOWS-SMBDIRECT-OPT-PACKAGE}
{MICROSOFT-WINDOWS-SMBDIRECT-PACKAGE}
{MICROSOFT-WINDOWS-SPELLING-DICTIONARIES-EN-US-PACKAGE}
{MICROSOFT-WINDOWS-STORAGESERVICE-PACKAGE}
{MICROSOFT-WINDOWS-TELNET-CLIENT-OPT-PACKAGE}
{MICROSOFT-WINDOWS-TELNET-CLIENT-PACKAGE}
{MICROSOFT-WINDOWS-TERMINALSERVICES-APPCOMPAT-OPT-PACKAGE}
{MICROSOFT-WINDOWS-TERMINALSERVICES-APPCOMPAT-OPT-WOW64-PACKAGE}
{MICROSOFT-WINDOWS-TERMINALSERVICES-APPSERVER-CLIENT-PACKAGE}
{MICROSOFT-WINDOWS-TERMINALSERVICES-APPSERVER-CLIENT-WOW64-PACKAGE}
{MICROSOFT-WINDOWS-TERMINALSERVICES-APPSERVERCLIENT-OPT-PACKAGE}
{MICROSOFT-WINDOWS-TERMINALSERVICES-APPSERVERCLIENT-OPT-WOW64-PACKAGE}
{MICROSOFT-WINDOWS-TERMINALSERVICES-COMMANDLINETOOLS-PACKAGE}
{MICROSOFT-WINDOWS-TERMINALSERVICES-PUBLISHING-WMIPROVIDER-PACKAGE}
{MICROSOFT-WINDOWS-TERMINALSERVICES-REMOTEAPPLICATIONS-CLIENT-PACKAGE}
{MICROSOFT-WINDOWS-TERMINALSERVICES-USBREDIRECTOR-PACKAGE}
{MICROSOFT-WINDOWS-TEXTPREDICTION-DICTIONARIES-EN-PACKAGE}
{MICROSOFT-WINDOWS-TFTP-CLIENT-OPT-PACKAGE}
{MICROSOFT-WINDOWS-TFTP-CLIENT-PACKAGE}
{MICROSOFT-WINDOWS-WEBCAMEXPERIENCE-PACKAGE}
{MICROSOFT-WINDOWS-WEBCAMEXPERIENCE-WOW64-PACKAGE}
{MICROSOFT-WINDOWS-WINDOWSMEDIAPLAYER-TROUBLESHOOTERS-OPT-PACKAGE}
{MICROSOFT-WINDOWS-WINDOWSMEDIAPLAYER-TROUBLESHOOTERS-PACKAGE}
{MICROSOFT-WINDOWS-WINOCR-OPT-PACKAGE}
{MICROSOFT-WINDOWS-WINOCR-PACKAGE}
{MICROSOFT-WINDOWS-WINSATMEDIAFILES-PACKAGE}
{MICROSOFT-WINDOWS-WMPNETWORKSHARINGSERVICE-OPT-PACKAGE}
{MICROSOFT-WINDOWS-WMPNETWORKSHARINGSERVICE-OPT-WOW64-PACKAGE}
{MICROSOFT-WINDOWS-WMPNETWORKSHARINGSERVICE-PACKAGE}
{MICROSOFT-WINDOWS-WMPNETWORKSHARINGSERVICE-WOW64-PACKAGE}
{MICROSOFT-WINDOWS-WPD-LEGACYWMDMFEATURE-FEATURE-PACKAGE}
{MICROSOFT-WINDOWS-WPD-LEGACYWMDMFEATURE-FEATURE-WOW64-PACKAGE}
{MULTIPOINT-CONNECTOR-OPT-PACKAGE}
{MULTIPOINT-HELP-PACKAGE}
{MULTIPOINT-TOOLS-OPT-PACKAGE}
{NETWORKING-MPSSVC-RULES-HOMEPREMIUMEDITION-PACKAGE}
{OPENSSH-CLIENT-PACKAGE-WRAPPER}
{OPENSSH-CLIENT-PACKAGE}
{PACKAGE_10_FOR_KB5017233}
{PACKAGE_11_FOR_KB5017233}
{PACKAGE_12_FOR_KB5017233}
{PACKAGE_13_FOR_KB5017233}
{PACKAGE_14_FOR_KB5017233}
{PACKAGE_15_FOR_KB5017233}
{PACKAGE_16_FOR_KB5017233}
{PACKAGE_17_FOR_KB5017233}
{PACKAGE_1_FOR_KB5017026}
{PACKAGE_1_FOR_KB5017233}
{PACKAGE_2_FOR_KB5017026}
{PACKAGE_2_FOR_KB5017233}
{PACKAGE_3_FOR_KB5017026}
{PACKAGE_3_FOR_KB5017233}
{PACKAGE_4_FOR_KB5017026}
{PACKAGE_4_FOR_KB5017233}
{PACKAGE_5_FOR_KB5017233}
{PACKAGE_6_FOR_KB5017233}
{PACKAGE_7_FOR_KB5017233}
{PACKAGE_8_FOR_KB5017233}
{PACKAGE_9_FOR_KB5017233}
{PACKAGE_FOR_DOTNETROLLUP_481}
{PACKAGE_FOR_SERVICINGSTACK_378}
{SERVER-HELP-PACKAGE.CLIENTENTERPRISE}
{SERVER-HELP-PACKAGE.CLIENTHOMEPREMIUM}
{WINDOWS-DEFENDER-AM-DEFAULT-DEFINITIONS-OPTIONALWRAPPER-PACKAGE}
{WINDOWS-DEFENDER-AM-DEFAULT-DEFINITIONS-PACKAGE}
{WINDOWS-DEFENDER-APPLICATIONGUARD-INBOX-PACKAGE}
{WINDOWS-DEFENDER-APPLICATIONGUARD-INBOX-WOW64-PACKAGE}
{WINDOWS-DEFENDER-GROUP-POLICY-PACKAGE}
{WINDOWSSEARCHENGINESKU-GROUP-PACKAGE}
