SANDWICH-LIST
{#} - CREATED - [Sat 12/31/2022] [20:39:12.53]
{#} Debloat W11 - needs work - missing features/tasks section - services incomplete/buggy

{FEATURES-DISABLE} - [LAYER CHANGE TRIGGER]
{#} EMPTY

{TASKS-DELETE} - [LAYER CHANGE TRIGGER]
{#} EMPTY

{APPX-DELETE} - [LAYER CHANGE TRIGGER]
{CLIPCHAMP.CLIPCHAMP_2.2.8.0_NEUTRAL_~_YXZ26NHYZHSRT}
{MICROSOFT.549981C3F5F10_3.2204.14815.0_NEUTRAL_~_8WEKYB3D8BBWE}
{MICROSOFT.BINGNEWS_4.2.27001.0_NEUTRAL_~_8WEKYB3D8BBWE}
{MICROSOFT.BINGWEATHER_4.53.33420.0_NEUTRAL_~_8WEKYB3D8BBWE}
{MICROSOFT.DESKTOPAPPINSTALLER_2022.310.2333.0_NEUTRAL_~_8WEKYB3D8BBWE}
{MICROSOFT.GAMINGAPP_2021.427.138.0_NEUTRAL_~_8WEKYB3D8BBWE}
{MICROSOFT.GETHELP_10.2201.421.0_NEUTRAL_~_8WEKYB3D8BBWE}
{MICROSOFT.GETSTARTED_2021.2204.1.0_NEUTRAL_~_8WEKYB3D8BBWE}
{MICROSOFT.HEIFIMAGEEXTENSION_1.0.43012.0_X64__8WEKYB3D8BBWE}
{MICROSOFT.MICROSOFTOFFICEHUB_18.2204.1141.0_NEUTRAL_~_8WEKYB3D8BBWE}
{MICROSOFT.MICROSOFTSOLITAIRECOLLECTION_4.12.3171.0_NEUTRAL_~_8WEKYB3D8BBWE}
{MICROSOFT.MICROSOFTSTICKYNOTES_4.2.2.0_NEUTRAL_~_8WEKYB3D8BBWE}
{MICROSOFT.PAINT_11.2201.22.0_NEUTRAL_~_8WEKYB3D8BBWE}
{MICROSOFT.PEOPLE_2020.901.1724.0_NEUTRAL_~_8WEKYB3D8BBWE}
{MICROSOFT.POWERAUTOMATEDESKTOP_10.0.3735.0_NEUTRAL_~_8WEKYB3D8BBWE}
{MICROSOFT.RAWIMAGEEXTENSION_2.1.30391.0_NEUTRAL_~_8WEKYB3D8BBWE}
{MICROSOFT.SCREENSKETCH_2022.2201.12.0_NEUTRAL_~_8WEKYB3D8BBWE}
{MICROSOFT.SECHEALTHUI_1000.22621.1.0_X64__8WEKYB3D8BBWE}
{MICROSOFT.STOREPURCHASEAPP_12008.1001.113.0_NEUTRAL_~_8WEKYB3D8BBWE}
{MICROSOFT.TODOS_2.54.42772.0_NEUTRAL_~_8WEKYB3D8BBWE}
{MICROSOFT.VP9VIDEOEXTENSIONS_1.0.50901.0_X64__8WEKYB3D8BBWE}
{MICROSOFT.WEBMEDIAEXTENSIONS_1.0.42192.0_NEUTRAL_~_8WEKYB3D8BBWE}
{MICROSOFT.WEBPIMAGEEXTENSION_1.0.42351.0_X64__8WEKYB3D8BBWE}
{MICROSOFT.WINDOWS.PHOTOS_21.21030.25003.0_NEUTRAL_~_8WEKYB3D8BBWE}
{MICROSOFT.WINDOWSALARMS_2022.2202.24.0_NEUTRAL_~_8WEKYB3D8BBWE}
{MICROSOFT.WINDOWSCALCULATOR_2020.2103.8.0_NEUTRAL_~_8WEKYB3D8BBWE}
{MICROSOFT.WINDOWSCAMERA_2022.2201.4.0_NEUTRAL_~_8WEKYB3D8BBWE}
{MICROSOFT.WINDOWSCOMMUNICATIONSAPPS_16005.14326.20544.0_NEUTRAL_~_8WEKYB3D8BBWE}
{MICROSOFT.WINDOWSFEEDBACKHUB_2022.106.2230.0_NEUTRAL_~_8WEKYB3D8BBWE}
{MICROSOFT.WINDOWSMAPS_2022.2202.6.0_NEUTRAL_~_8WEKYB3D8BBWE}
{MICROSOFT.WINDOWSNOTEPAD_11.2112.32.0_NEUTRAL_~_8WEKYB3D8BBWE}
{MICROSOFT.WINDOWSSOUNDRECORDER_2021.2103.28.0_NEUTRAL_~_8WEKYB3D8BBWE}
{MICROSOFT.WINDOWSSTORE_22204.1400.4.0_NEUTRAL_~_8WEKYB3D8BBWE}
{MICROSOFT.WINDOWSTERMINAL_3001.12.10983.0_NEUTRAL_~_8WEKYB3D8BBWE}
{MICROSOFT.XBOX.TCUI_1.23.28004.0_NEUTRAL_~_8WEKYB3D8BBWE}
{MICROSOFT.XBOXGAMEOVERLAY_1.47.2385.0_NEUTRAL_~_8WEKYB3D8BBWE}
{MICROSOFT.XBOXGAMINGOVERLAY_2.622.3232.0_NEUTRAL_~_8WEKYB3D8BBWE}
{MICROSOFT.XBOXIDENTITYPROVIDER_12.50.6001.0_NEUTRAL_~_8WEKYB3D8BBWE}
{MICROSOFT.XBOXSPEECHTOTEXTOVERLAY_1.17.29001.0_NEUTRAL_~_8WEKYB3D8BBWE}
{MICROSOFT.YOURPHONE_1.22022.147.0_NEUTRAL_~_8WEKYB3D8BBWE}
{MICROSOFT.ZUNEMUSIC_11.2202.46.0_NEUTRAL_~_8WEKYB3D8BBWE}
{MICROSOFT.ZUNEVIDEO_2019.22020.10021.0_NEUTRAL_~_8WEKYB3D8BBWE}
{MICROSOFTCORPORATIONII.MICROSOFTFAMILY_0.1.28.0_NEUTRAL_~_8WEKYB3D8BBWE}
{MICROSOFTCORPORATIONII.QUICKASSIST_2022.414.1758.0_NEUTRAL_~_8WEKYB3D8BBWE}
{MICROSOFTWINDOWS.CLIENT.WEBEXPERIENCE_421.20070.195.0_NEUTRAL_~_CW5N1H2TXYEWY}

{SERVICES-DELETE} - [LAYER CHANGE TRIGGER]
{APPIDSVC}
{AXINSTSV}
{BITS}
{COMSYSAPP}
{CRYPTSVC}
{DEFRAGSVC}
{DEVQUERYBROKER}
{DIAGNOSTICSHUB.STANDARDCOLLECTOR.SERVICE}
{DIAGSVC}
{DIAGTRACK}
{DISPBROKERDESKTOPSVC}
{DMENROLLMENTSVC}
{DMWAPPUSHSERVICE}
{EAPHOST}
{EDGEUPDATE}
{EDGEUPDATEM}
{ENTAPPSVC}
{FRAMESERVER}
{FRAMESERVERMONITOR}
{GRAPHICSPERFSVC}
{ICSSVC}
{IKEEXT}
{INSTALLSERVICE}
{IPHLPSVC}
{IPXLATCFGSVC}
{KEYISO}
{KTMRM}
{LANMANSERVER}
{LANMANWORKSTATION}
{LLTDSVC}
{LMHOSTS}
{LXPSVC}
{MAPSBROKER}
{MCPMANAGEMENTSERVICE}
{MIXEDREALITYOPENXRSVC}
{MSDTC}
{NATURALAUTHENTICATION}
{NCASVC}
{NCBSERVICE}
{NCDAUTOSETUP}
{NETLOGON}
{NETTCPPORTSHARING}
{NGCCTNRSVC}
{NGCSVC}
{P2PIMSVC}
{P2PSVC}
{PERCEPTIONSIMULATION}
{PERFHOST}
{PHONESVC}
{PLA}
{PNRPAUTOREG}
{PNRPSVC}
{PUSHTOINSTALL}
{RASAUTO}
{RASMAN}
{REMOTEACCESS}
{REMOTEREGISTRY}
{RETAILDEMO}
{SAMSS}
{SDRSVC}
{SECURITYHEALTHSERVICE}
{SEMGRSVC}
{SENS}
{SESSIONENV}
{SHAREDACCESS}
{SHAREDREALITYSVC}
{SHELLHWDETECTION}
{SHPAMSVC}
{SMPHOST}
{SMSROUTER}
{SNMPTRAP}
{SPECTRUM}
{SSDPSRV}
{SSH-AGENT}
{SSTPSVC}
{STORSVC}
{SVSVC}
{SWPRV}
{SYSMAIN}
{TAPISRV}
{TERMSERVICE}
{#} {TEXTINPUTMANAGEMENTSERVICE}
{#} {TIERINGENGINESERVICE}
{#} {TIMEBROKERSVC}
{#} {TOKENBROKER}
{#} {TRKWKS}
{TROUBLESHOOTINGSVC}
{UMRDPSERVICE}
{UPNPHOST}
{USOSVC}
{VACSVC}
{VAULTSVC}
{VMICGUESTINTERFACE}
{VMICHEARTBEAT}
{VMICKVPEXCHANGE}
{VMICRDV}
{VMICSHUTDOWN}
{VMICTIMESYNC}
{VMICVMSESSION}
{VMICVSS}
{VSS}
{WAASMEDICSVC}
{WALLETSERVICE}
{WBENGINE}
{WBIOSRVC}
{WDISERVICEHOST}
{WDISYSTEMHOST}
{WDNISSVC}
{WEBCLIENT}
{WEBTHREATDEFSVC}
{WECSVC}
{WERCPLSUPPORT}
{WERSVC}
{WINDEFEND}
{WINHTTPAUTOPROXYSVC}
{WINRM}
{WISVC}
{WLIDSVC}
{WLPASVC}
{WMANSVC}
{WMIAPSRV}
{WMPNETWORKSVC}
{WORKFOLDERSSVC}
{WPCMONSVC}
{WPNSERVICE}
{WSCSVC}
{WSEARCH}
{WUAUSERV}
{WWANSVC}
{XBLAUTHMANAGER}
{XBLGAMESAVE}
{XBOXNETAPISVC}
{#} {AARSVC}
{#} {BCASTDVRUSERSERVICE}
{#} {BLUETOOTHUSERSERVICE}
{#} {CAPTURESERVICE}
{#} {CBDHSVC}
{#} {CDPUSERSVC}
{#} {CONSENTUXUSERSVC}
{#} {DEVICEASSOCIATIONBROKERSVC}
{#} {DEVICEPICKERUSERSVC}
{#} {DEVICESFLOWUSERSVC}
{#} {MESSAGINGSERVICE}
{#} {NPSMSVC}
{#} {ONESYNCSVC}
{#} {PENSERVICE}
{#} {PIMINDEXMAINTENANCESVC}
{#} {PRINTWORKFLOWUSERSVC}
{#} {UDKUSERSVC}
{#} {UNISTORESVC}
{#} {USERDATASVC}
{#} {WEBTHREATDEFUSERSVC}
{#} {WPNUSERSERVICE}

{PACKAGES-DELETE} - [LAYER CHANGE TRIGGER]
{LANGUAGEFEATURES-WORDBREAKING-COMMON-LEGACY-PACKAGE}
{LANGUAGEFEATURES-WORDBREAKING-EN-LEGACY-PACKAGE}
{LANGUAGEFEATURES-WORDBREAKING-EN-LEGACY-WOW64-PACKAGE}
{LANGUAGEFEATURES-WORDBREAKING-EN-PACKAGE}
{LANGUAGEFEATURES-WORDBREAKING-EN-WOW64-PACKAGE}
{MICROSOFT-CLIENT-LICENSE-PLATFORM-UPGRADE-SUBSCRIPTION-CORE-PACKAGE}
{MICROSOFT-COMPOSABLE-PLATFORMEXTENSION-DRAGDROPCOMMON-PACKAGE}
{MICROSOFT-COMPOSABLE-PLATFORMEXTENSION-DRAGDROPCOMMON-WOW64-PACKAGE}
{MICROSOFT-ONECORE-DEVICEUPDATECENTER-PACKAGE}
{MICROSOFT-ONECORE-IDENTITY-TENANTRESTRICTIONS-PACKAGE}
{MICROSOFT-ONECORE-IDENTITY-TENANTRESTRICTIONS-WOW64-PACKAGE}
{MICROSOFT-ONECORE-LIBRESSL-PACKAGE}
{MICROSOFT-ONECORE-OPENSSH-CLIENTONLY-PACKAGE}
{MICROSOFT-ONECORE-OPENSSH-COMMON-PACKAGE}
{MICROSOFT-ONECORE-WINDOWSIOT-PACKAGE}
{MICROSOFT-ONECOREUAP-APPRUNTIME-REMOTEAPPLIFETIMEMANAGER-PACKAGE}
{MICROSOFT-SHIELDED-VM-SERVICE-PACKAGE}
{MICROSOFT-WINDOWS-APPMANAGEMENT-APPV-PACKAGE}
{MICROSOFT-WINDOWS-APPMANAGEMENT-APPV-WOW64-PACKAGE}
{MICROSOFT-WINDOWS-APPMANAGEMENT-UEV-PACKAGE}
{MICROSOFT-WINDOWS-APPMANAGEMENT-UEV-WOW64-PACKAGE}
{MICROSOFT-WINDOWS-APPSERVERCLIENT-OPTGROUP-MERGED-PACKAGE}
{MICROSOFT-WINDOWS-APPSERVERCLIENT-OPTGROUP-PACKAGE}
{MICROSOFT-WINDOWS-APPSERVERCLIENT-OPTGROUP-WOW64-MERGED-PACKAGE}
{MICROSOFT-WINDOWS-APPSERVERCLIENT-OPTGROUP-WOW64-PACKAGE}
{MICROSOFT-WINDOWS-BIOENROLLMENT-UX-PACKAGE}
{MICROSOFT-WINDOWS-BRANDING-CORE-PACKAGE}
{MICROSOFT-WINDOWS-BROWSER-PACKAGE}
{MICROSOFT-WINDOWS-CLIENT-ASSIGNEDACCESS-PACKAGE}
{MICROSOFT-WINDOWS-CLIENT-ASSIGNEDACCESS-WOW64-PACKAGE}
{MICROSOFT-WINDOWS-CLIENTFORNFS-INFRASTRUCTURE-OPTGROUP-PACKAGE}
{MICROSOFT-WINDOWS-COM-MSMQ-PACKAGE}
{#} {MICROSOFT-WINDOWS-CONFIGCI-ONECORE-PACKAGE}
{#} {MICROSOFT-WINDOWS-CONFIGCI-ONECORE-PACKAGE}
{#} {MICROSOFT-WINDOWS-CONFIGCI-ONECORE-WOW64-PACKAGE}
{#} {MICROSOFT-WINDOWS-CONFIGCI-ONECORE-WOW64-PACKAGE}
{#} {MICROSOFT-WINDOWS-CONFIGCI-PACKAGE}
{#} {MICROSOFT-WINDOWS-CONFIGCI-PACKAGE}
{#} {MICROSOFT-WINDOWS-CORE-SPP-COMPONENTS-PACKAGE}
{#} {MICROSOFT-WINDOWS-COREEDITION-WRAPPER}
{MICROSOFT-WINDOWS-CORESYSTEM-REMOTEFS-CLIENT-PACKAGE}
{MICROSOFT-WINDOWS-DATACENTERBRIDGING-OPT-PACKAGE}
{MICROSOFT-WINDOWS-DATACENTERBRIDGING-OPT-WOW64-PACKAGE}
{MICROSOFT-WINDOWS-DATACENTERBRIDGING-PACKAGE}
{MICROSOFT-WINDOWS-DATACENTERBRIDGING-WOW64-PACKAGE}
{MICROSOFT-WINDOWS-DEDUP-CHUNKLIBRARY-PACKAGE}
{MICROSOFT-WINDOWS-DESKTOP-BCDTEMPLATE-CLIENT-PACKAGE}
{MICROSOFT-WINDOWS-DIRECTORYSERVICES-ADAM-CLIENT-ADMIN-PACKAGE}
{MICROSOFT-WINDOWS-DIRECTORYSERVICES-ADAM-CLIENT-OPTGROUP-PACKAGE}
{MICROSOFT-WINDOWS-DIRECTORYSERVICES-ADAM-CLIENT-PACKAGE}
{MICROSOFT-WINDOWS-DIRECTORYSERVICES-ADAM-CORE-CLIENT-OPT-PACKAGE}
{MICROSOFT-WINDOWS-DIRECTORYSERVICES-ADAM-INSTALL-GROUP-PACKAGE}
{MICROSOFT-WINDOWS-DIRECTORYSERVICES-ADAM-SNAPINS-ADMIN-PACKAGE}
{MICROSOFT-WINDOWS-DIRECTORYSERVICES-ADAM-SNAPINS-GROUP-PACKAGE}
{MICROSOFT-WINDOWS-DIRECTORYSERVICES-ADAM-TOOLS-OPT-MERGED-PACKAGE}
{MICROSOFT-WINDOWS-DIRECTORYSERVICES-ADAM-TOOLS-OPT-PACKAGE}
{#} {MICROSOFT-WINDOWS-EDITIONPACK-CORE-PACKAGE}
{#} {MICROSOFT-WINDOWS-EDITIONPACK-CORE-WOW64-PACKAGE}
{#} {MICROSOFT-WINDOWS-EDITIONS-CORE-PACKAGE}
{#} {MICROSOFT-WINDOWS-EDITIONSPECIFIC-CORE-PACKAGE}
{#} {MICROSOFT-WINDOWS-EMBEDDED-ASSIGNEDACCESSCSP-PACKAGE}
{MICROSOFT-WINDOWS-ENTERPRISECLIENTSYNC-HOST-OPT-PACKAGE}
{MICROSOFT-WINDOWS-ENTERPRISECLIENTSYNC-HOST-PACKAGE}
{MICROSOFT-WINDOWS-ERRORREPORTING-ADM-PACKAGE}
{MICROSOFT-WINDOWS-ERRORREPORTINGDUMPTYPECONTROL-PACKAGE}
{MICROSOFT-WINDOWS-FCI-CLIENT-PACKAGE}
{MICROSOFT-WINDOWS-FCI-CLIENT-WOW64-PACKAGE}
{MICROSOFT-WINDOWS-FLIPGRIDPWA-PACKAGE}
{MICROSOFT-WINDOWS-HELLO-FACE-PACKAGE-WRAPPER}
{MICROSOFT-WINDOWS-HELLO-FACE-PACKAGE}
{MICROSOFT-WINDOWS-HELP-CLIENTOOBE-FEATURE-PACKAGE}
{MICROSOFT-WINDOWS-HELP-CLIENTUA-CLIENT-MERGED-PACKAGE}
{MICROSOFT-WINDOWS-HELP-CLIENTUA-CLIENT-PACKAGE}
{MICROSOFT-WINDOWS-HOLOGRAPHIC-DESKTOP-ANALOG-PACKAGE}
{MICROSOFT-WINDOWS-HOLOGRAPHIC-DESKTOP-ANALOG-WOW64-PACKAGE}
{MICROSOFT-WINDOWS-HOLOGRAPHIC-DESKTOP-MERGED-MERGED-PACKAGE}
{MICROSOFT-WINDOWS-HOLOGRAPHIC-DESKTOP-MERGED-PACKAGE}
{MICROSOFT-WINDOWS-HOLOGRAPHIC-DESKTOP-MERGED-WOW64-MERGED-PACKAGE}
{MICROSOFT-WINDOWS-HOLOGRAPHIC-DESKTOP-MERGED-WOW64-PACKAGE}
{MICROSOFT-WINDOWS-HOST-GUARDIAN-DEPLOYMENT-MERGED-PACKAGE}
{MICROSOFT-WINDOWS-HOST-GUARDIAN-DEPLOYMENT-PACKAGE}
{MICROSOFT-WINDOWS-HVSI-COMPONENTS-PACKAGE}
{MICROSOFT-WINDOWS-HVSI-COMPONENTS-WOW64-PACKAGE}
{MICROSOFT-WINDOWS-HVSI-PACKAGE}
{MICROSOFT-WINDOWS-HVSI-WOW64-PACKAGE}
{MICROSOFT-WINDOWS-HYPHENATION-DICTIONARIES-EN-PACKAGE}
{MICROSOFT-WINDOWS-IDENTITY-FOUNDATION-OPT-PACKAGE}
{MICROSOFT-WINDOWS-IDENTITY-FOUNDATION-PACKAGE}
{MICROSOFT-WINDOWS-IIS-WEBSERVER-ADDON-2-PACKAGE}
{MICROSOFT-WINDOWS-IIS-WEBSERVER-ADDON-2-SERVERCOMMON-PACKAGE}
{MICROSOFT-WINDOWS-IIS-WEBSERVER-ADDON-PACKAGE}
{MICROSOFT-WINDOWS-IIS-WEBSERVER-ADDON-SERVERCOMMON-PACKAGE}
{MICROSOFT-WINDOWS-IIS-WEBSERVER-PACKAGE}
{MICROSOFT-WINDOWS-IIS-WEBSERVER-SERVERCOMMON-PACKAGE}
{MICROSOFT-WINDOWS-INTERNET-BROWSER-PACKAGE}
{MICROSOFT-WINDOWS-LANGUAGEFEATURES-BASIC-EN-US-PACKAGE-WRAPPER}
{MICROSOFT-WINDOWS-LANGUAGEFEATURES-BASIC-EN-US-PACKAGE}
{MICROSOFT-WINDOWS-LANGUAGEFEATURES-OCR-EN-US-PACKAGE-WRAPPER}
{MICROSOFT-WINDOWS-LANGUAGEFEATURES-OCR-EN-US-PACKAGE}
{MICROSOFT-WINDOWS-LANGUAGEFEATURES-SPEECH-EN-US-PACKAGE-WRAPPER}
{MICROSOFT-WINDOWS-LANGUAGEFEATURES-SPEECH-EN-US-PACKAGE}
{MICROSOFT-WINDOWS-LANGUAGEFEATURES-TEXTTOSPEECH-EN-US-PACKAGE-WRAPPER}
{MICROSOFT-WINDOWS-LANGUAGEFEATURES-TEXTTOSPEECH-EN-US-PACKAGE}
{MICROSOFT-WINDOWS-LXSS-MERGED-PACKAGE}
{MICROSOFT-WINDOWS-LXSS-OPTIONAL-MERGED-PACKAGE}
{MICROSOFT-WINDOWS-LXSS-OPTIONAL-PACKAGE}
{MICROSOFT-WINDOWS-LXSS-OPTIONAL-WOW64-MERGED-PACKAGE}
{MICROSOFT-WINDOWS-LXSS-OPTIONAL-WOW64-PACKAGE}
{MICROSOFT-WINDOWS-LXSS-PACKAGE}
{MICROSOFT-WINDOWS-LXSS-WOW64-PACKAGE}
{MICROSOFT-WINDOWS-MANAGEMENT-SECUREASSESSMENT-PACKAGE}
{MICROSOFT-WINDOWS-MEDIA-PLAYER-PACKAGE}
{MICROSOFT-WINDOWS-MEDIA-PLAYER-WOW64-PACKAGE}
{MICROSOFT-WINDOWS-MEDIAPLAYBACK-OC-PACKAGE}
{MICROSOFT-WINDOWS-MEDIAPLAYER-OPT-MERGED-PACKAGE}
{MICROSOFT-WINDOWS-MEDIAPLAYER-OPT-PACKAGE}
{MICROSOFT-WINDOWS-MEDIAPLAYER-OPT-WOW64-MERGED-PACKAGE}
{MICROSOFT-WINDOWS-MEDIAPLAYER-OPT-WOW64-PACKAGE}
{MICROSOFT-WINDOWS-MEDIAPLAYER-PACKAGE-WRAPPER}
{MICROSOFT-WINDOWS-MEDIAPLAYER-PACKAGE}
{MICROSOFT-WINDOWS-MEDIAPLAYER-PAYLOAD-PACKAGE}
{MICROSOFT-WINDOWS-MEDIAPLAYER-PAYLOAD-WOW64-PACKAGE}
{MICROSOFT-WINDOWS-MOBILEPC-CLIENT-PREMIUM-PACKAGE}
{MICROSOFT-WINDOWS-MSMQ-ADINTEGRATION-OPT-PACKAGE}
{MICROSOFT-WINDOWS-MSMQ-CLIENT-HOME-PREMIUM-PACKAGE}
{MICROSOFT-WINDOWS-MSMQ-CLIENT-HOME-PREMIUM-WOW64-PACKAGE}
{MICROSOFT-WINDOWS-MSMQ-CLIENT-PACKAGE}
{MICROSOFT-WINDOWS-MSMQ-CLIENT-WOW64-PACKAGE}
{MICROSOFT-WINDOWS-MSMQ-DCOMPROXY-OPT-PACKAGE}
{MICROSOFT-WINDOWS-MSMQ-DCOMPROXY-OPT-WOW64-PACKAGE}
{MICROSOFT-WINDOWS-MSMQ-HTTP-OPT-PACKAGE}
{MICROSOFT-WINDOWS-MSMQ-HTTP-OPT-WOW64-PACKAGE}
{MICROSOFT-WINDOWS-MSMQ-MMC-OPT-PACKAGE}
{MICROSOFT-WINDOWS-MSMQ-MMC-OPT-WOW64-PACKAGE}
{MICROSOFT-WINDOWS-MSMQ-MMC-OPTGROUP-PACKAGE}
{MICROSOFT-WINDOWS-MSMQ-MMC-OPTGROUP-WOW64-PACKAGE}
{MICROSOFT-WINDOWS-MSMQ-MULTICAST-OPT-PACKAGE}
{MICROSOFT-WINDOWS-MSMQ-POWERSHELL-OPT-PACKAGE}
{MICROSOFT-WINDOWS-MSMQ-POWERSHELL-OPT-WOW64-PACKAGE}
{MICROSOFT-WINDOWS-MSMQ-RUNTIME-OPT-PACKAGE}
{MICROSOFT-WINDOWS-MSMQ-RUNTIME-OPT-WOW64-PACKAGE}
{MICROSOFT-WINDOWS-MSMQ-SERVER-OPT-PACKAGE}
{MICROSOFT-WINDOWS-MSMQ-TRIGGERS-OPT-PACKAGE}
{MICROSOFT-WINDOWS-MSMQ-TRIGGERS-OPT-WOW64-PACKAGE}
{MICROSOFT-WINDOWS-MULTIPOINT-CONNECTOR-PACKAGE}
{MICROSOFT-WINDOWS-NETFX2-OC-PACKAGE}
{MICROSOFT-WINDOWS-NETFX3-OC-PACKAGE}
{MICROSOFT-WINDOWS-NETFX3-ONDEMAND-PACKAGE}
{MICROSOFT-WINDOWS-NETFX3-WCF-OC-PACKAGE}
{MICROSOFT-WINDOWS-NETWORK-CONNECTIVITY-ASSISTANT-SERVICE-PACKAGE}
{MICROSOFT-WINDOWS-NETWORKDIAGNOSTICS-DIRECTACCESSENTRY-PACKAGE}
{MICROSOFT-WINDOWS-NFS-ADMINISTRATION-D-OPT-PACKAGE}
{MICROSOFT-WINDOWS-NFS-CLIENTCORE-D-OPT-PACKAGE}
{MICROSOFT-WINDOWS-NFS-CLIENTLOCALUI-D-OPT-PACKAGE}
{MICROSOFT-WINDOWS-NFS-CLIENTSKU-PACKAGE}
{MICROSOFT-WINDOWS-OFFLINEFILES-MERGED-PACKAGE}
{MICROSOFT-WINDOWS-OFFLINEFILES-PACKAGE}
{MICROSOFT-WINDOWS-OFFLINEFILES-UI-PACKAGE}
{MICROSOFT-WINDOWS-OFFLINEFILES-WOW64-PACKAGE}
{MICROSOFT-WINDOWS-ONEDRIVE-SETUP-PACKAGE}
{MICROSOFT-WINDOWS-ONEDRIVE-SETUP-WOW64-PACKAGE}
{MICROSOFT-WINDOWS-OUTLOOKPWA-PACKAGE}
{MICROSOFT-WINDOWS-PAW-FEATURE-PACKAGE}
{MICROSOFT-WINDOWS-PAW-MERGED-PACKAGE}
{MICROSOFT-WINDOWS-PAW-PACKAGE}
{MICROSOFT-WINDOWS-PEERDIST-CLIENT-GROUP-PACKAGE}
{MICROSOFT-WINDOWS-PEERDIST-CLIENT-GROUP-WOW64-PACKAGE}
{MICROSOFT-WINDOWS-PEERDIST-CLIENT-PACKAGE}
{MICROSOFT-WINDOWS-PEERDIST-CLIENT-WOW64-PACKAGE}
{MICROSOFT-WINDOWS-PHOTOBASIC-FEATURE-PACKAGE}
{MICROSOFT-WINDOWS-PHOTOBASIC-FEATURE-WOW64-PACKAGE}
{MICROSOFT-WINDOWS-PHOTOBASIC-MERGED-PACKAGE}
{MICROSOFT-WINDOWS-PHOTOBASIC-PACKAGE}
{MICROSOFT-WINDOWS-PHOTOBASIC-PICTURETOOLS-PACKAGE}
{MICROSOFT-WINDOWS-PHOTOBASIC-PICTURETOOLS-WOW64-PACKAGE}
{MICROSOFT-WINDOWS-PHOTOBASIC-WOW64-MERGED-PACKAGE}
{MICROSOFT-WINDOWS-PHOTOBASIC-WOW64-PACKAGE}
{MICROSOFT-WINDOWS-POWERSHELL-ISE-FOD-PACKAGE-WRAPPER}
{MICROSOFT-WINDOWS-POWERSHELL-ISE-FOD-PACKAGE}
{MICROSOFT-WINDOWS-POWERSHELL-V2-CLIENT-PACKAGE}
{MICROSOFT-WINDOWS-PRINTER-DRIVERS-PACKAGE}
{MICROSOFT-WINDOWS-PRINTING-FOUNDATION-PACKAGE}
{MICROSOFT-WINDOWS-PRINTING-INTERNETPRINTING-CLIENT-OPT-PACKAGE}
{MICROSOFT-WINDOWS-PRINTING-LOCALPRINTING-ENTERPRISE-PACKAGE}
{MICROSOFT-WINDOWS-PRINTING-LOCALPRINTING-HOME-PACKAGE}
{MICROSOFT-WINDOWS-PRINTING-LPDPRINTSERVICE-OPT-PACKAGE}
{MICROSOFT-WINDOWS-PRINTING-LPRPORTMONITOR-OPT-PACKAGE}
{MICROSOFT-WINDOWS-PRINTING-PREMIUMTOOLS-PACKAGE}
{MICROSOFT-WINDOWS-PRINTING-PRINTTOPDF-OPT-PACKAGE}
{MICROSOFT-WINDOWS-PRINTING-PRINTTOPDFSERVICES-PACKAGE}
{MICROSOFT-WINDOWS-PRINTING-XPSDOCUMENTWRITER-OPT-PACKAGE}
{MICROSOFT-WINDOWS-PRINTING-XPSSERVICES-PACKAGE}
{MICROSOFT-WINDOWS-PROJFS-OPTIONALFEATURE-PACKAGE}
{MICROSOFT-WINDOWS-PROJFS-PACKAGE}
{MICROSOFT-WINDOWS-RDC-OPT-PACKAGE}
{MICROSOFT-WINDOWS-RDC-PACKAGE}
{MICROSOFT-WINDOWS-RECDISC-SDP-REMOVABLE-PACKAGE}
{MICROSOFT-WINDOWS-REMOTEASSISTANCE-PACKAGE-CLIENT}
{MICROSOFT-WINDOWS-SEARCHENGINE-CLIENT-PACKAGE-BASE-PACKAGE}
{MICROSOFT-WINDOWS-SEARCHENGINE-CLIENT-PACKAGE-ONECOREUAP-PACKAGE}
{MICROSOFT-WINDOWS-SEARCHENGINE-CLIENT-PACKAGE-SHELL-PACKAGE}
{MICROSOFT-WINDOWS-SEARCHENGINE-CLIENT-PACKAGE}
{MICROSOFT-WINDOWS-SECURESTARTUP-BASIC-PACKAGE}
{MICROSOFT-WINDOWS-SECURESTARTUP-BASIC-SUBSYSTEM-PACKAGE}
{MICROSOFT-WINDOWS-SECURESTARTUP-BASIC-SUBSYSTEM-WOW64-PACKAGE}
{MICROSOFT-WINDOWS-SECURESTARTUP-PACKAGE}
{MICROSOFT-WINDOWS-SECURESTARTUP-SUBSYSTEM-PACKAGE}
{MICROSOFT-WINDOWS-SECURESTARTUP-SUBSYSTEM-WOW64-PACKAGE}
{#} {MICROSOFT-WINDOWS-SECURITY-SPP-COMPONENT-SKU-CORE-DEFAULT-PACKAGE}
{#} {MICROSOFT-WINDOWS-SECURITY-SPP-COMPONENT-SKU-CORE-LICENSE-PACKAGE}
{#} {MICROSOFT-WINDOWS-SECURITY-SPP-COMPONENT-SKU-CORE-PACKAGE}
{#} {MICROSOFT-WINDOWS-SECURITY-SPP-COMPONENT-SKU-CORESINGLELANGUAGE-LICENSE-PACKAGE}
{MICROSOFT-WINDOWS-SENSECLIENT-PACKAGE}
{MICROSOFT-WINDOWS-SHELL-WALLPAPER-COMMON-PACKAGE}
{MICROSOFT-WINDOWS-SIMPLETCP-OPT-PACKAGE}
{MICROSOFT-WINDOWS-SIMPLETCP-PACKAGE}
{MICROSOFT-WINDOWS-SMB1-PACKAGE}
{MICROSOFT-WINDOWS-SMB1CLIENT-D-OPT-PACKAGE}
{MICROSOFT-WINDOWS-SMB1DEPRECATION-GROUP-PACKAGE}
{MICROSOFT-WINDOWS-SMB1DEPRECATION-PACKAGE}
{MICROSOFT-WINDOWS-SMB1SERVER-D-OPT-PACKAGE}
{MICROSOFT-WINDOWS-SMBDIRECT-OPT-PACKAGE}
{MICROSOFT-WINDOWS-SMBDIRECT-PACKAGE}
{MICROSOFT-WINDOWS-SPELLING-DICTIONARIES-EN-US-PACKAGE}
{MICROSOFT-WINDOWS-STORAGESERVICE-PACKAGE}
{MICROSOFT-WINDOWS-TELNET-CLIENT-OPT-PACKAGE}
{MICROSOFT-WINDOWS-TELNET-CLIENT-PACKAGE}
{MICROSOFT-WINDOWS-TERMINALSERVICES-APPCOMPAT-OPT-PACKAGE}
{MICROSOFT-WINDOWS-TERMINALSERVICES-APPCOMPAT-OPT-WOW64-PACKAGE}
{MICROSOFT-WINDOWS-TERMINALSERVICES-APPSERVER-CLIENT-PACKAGE}
{MICROSOFT-WINDOWS-TERMINALSERVICES-APPSERVER-CLIENT-WOW64-PACKAGE}
{MICROSOFT-WINDOWS-TERMINALSERVICES-APPSERVERCLIENT-OPT-PACKAGE}
{MICROSOFT-WINDOWS-TERMINALSERVICES-APPSERVERCLIENT-OPT-WOW64-PACKAGE}
{MICROSOFT-WINDOWS-TERMINALSERVICES-COMMANDLINETOOLS-PACKAGE}
{MICROSOFT-WINDOWS-TERMINALSERVICES-PUBLISHING-WMIPROVIDER-PACKAGE}
{MICROSOFT-WINDOWS-TERMINALSERVICES-REMOTEAPPLICATIONS-CLIENT-PACKAGE}
{MICROSOFT-WINDOWS-TERMINALSERVICES-USBREDIRECTOR-PACKAGE}
{MICROSOFT-WINDOWS-TEXTPREDICTION-DICTIONARIES-EN-PACKAGE}
{MICROSOFT-WINDOWS-TFTP-CLIENT-OPT-PACKAGE}
{MICROSOFT-WINDOWS-TFTP-CLIENT-PACKAGE}
{MICROSOFT-WINDOWS-WEBCAMEXPERIENCE-PACKAGE}
{MICROSOFT-WINDOWS-WEBCAMEXPERIENCE-WOW64-PACKAGE}
{MICROSOFT-WINDOWS-WINDOWSMEDIAPLAYER-TROUBLESHOOTERS-OPT-PACKAGE}
{MICROSOFT-WINDOWS-WINDOWSMEDIAPLAYER-TROUBLESHOOTERS-PACKAGE}
{MICROSOFT-WINDOWS-WINOCR-OPT-PACKAGE}
{MICROSOFT-WINDOWS-WINOCR-PACKAGE}
{MICROSOFT-WINDOWS-WINSATMEDIAFILES-PACKAGE}
{MICROSOFT-WINDOWS-WMPNETWORKSHARINGSERVICE-OPT-PACKAGE}
{MICROSOFT-WINDOWS-WMPNETWORKSHARINGSERVICE-OPT-WOW64-PACKAGE}
{MICROSOFT-WINDOWS-WMPNETWORKSHARINGSERVICE-PACKAGE}
{MICROSOFT-WINDOWS-WMPNETWORKSHARINGSERVICE-WOW64-PACKAGE}
{MICROSOFT-WINDOWS-WPD-LEGACYWMDMFEATURE-FEATURE-PACKAGE}
{MICROSOFT-WINDOWS-WPD-LEGACYWMDMFEATURE-FEATURE-WOW64-PACKAGE}
{MULTIPOINT-CONNECTOR-OPT-PACKAGE}
{MULTIPOINT-HELP-PACKAGE}
{MULTIPOINT-TOOLS-OPT-PACKAGE}
{NETWORKING-MPSSVC-RULES-HOMEPREMIUMEDITION-PACKAGE}
{OPENSSH-CLIENT-PACKAGE-WRAPPER}
{OPENSSH-CLIENT-PACKAGE}
{PACKAGE_10_FOR_KB5017233}
{PACKAGE_11_FOR_KB5017233}
{PACKAGE_12_FOR_KB5017233}
{PACKAGE_13_FOR_KB5017233}
{PACKAGE_14_FOR_KB5017233}
{PACKAGE_15_FOR_KB5017233}
{PACKAGE_16_FOR_KB5017233}
{PACKAGE_17_FOR_KB5017233}
{PACKAGE_1_FOR_KB5017026}
{PACKAGE_1_FOR_KB5017233}
{PACKAGE_2_FOR_KB5017026}
{PACKAGE_2_FOR_KB5017233}
{PACKAGE_3_FOR_KB5017026}
{PACKAGE_3_FOR_KB5017233}
{PACKAGE_4_FOR_KB5017026}
{PACKAGE_4_FOR_KB5017233}
{PACKAGE_5_FOR_KB5017233}
{PACKAGE_6_FOR_KB5017233}
{PACKAGE_7_FOR_KB5017233}
{PACKAGE_8_FOR_KB5017233}
{PACKAGE_9_FOR_KB5017233}
{PACKAGE_FOR_DOTNETROLLUP_481}
{PACKAGE_FOR_SERVICINGSTACK_378}
{SERVER-HELP-PACKAGE.CLIENTENTERPRISE}
{SERVER-HELP-PACKAGE.CLIENTHOMEPREMIUM}
{WINDOWS-DEFENDER-AM-DEFAULT-DEFINITIONS-OPTIONALWRAPPER-PACKAGE}
{WINDOWS-DEFENDER-AM-DEFAULT-DEFINITIONS-PACKAGE}
{WINDOWS-DEFENDER-APPLICATIONGUARD-INBOX-PACKAGE}
{WINDOWS-DEFENDER-APPLICATIONGUARD-INBOX-WOW64-PACKAGE}
{WINDOWS-DEFENDER-GROUP-POLICY-PACKAGE}
{WINDOWSSEARCHENGINESKU-GROUP-PACKAGE}
