MULTI-LIST
[GROUP][Export to program\cache folder][Generate unattend.xml]
[$1][                 Enter Username: 0-9 A-Z - No Spaces][VAR1]
[$2][       Enter an edition key - ex: 92NFX-8DJQP-P6BBQ-THF9C-7CG2H][VAR2]
[COMMANDQ][ECHO. Generating unattend.xml, this may take a moment......][CMD][IA]
[COMMANDQ][ECHO.%@%%{%?xml version="1.0" encoding="utf-8"?%@%%}%%}%"%CACHE_FOLDER%\unattend.xml"][CMD][IA]
[COMMANDQ][ECHO.%@%%{%unattend xmlns="urn:schemas-microsoft-com:unattend"%@%%}%%}}%"%CACHE_FOLDER%\unattend.xml"][CMD][IA]
[COMMANDQ][ECHO.	%@%%{%settings pass="oobeSystem"%@%%}%%}}%"%CACHE_FOLDER%\unattend.xml"][CMD][IA]
[COMMANDQ][ECHO.		%@%%{%component name="Microsoft-Windows-International-Core" processorArchitecture="amd64" publicKeyToken="31bf3856ad364e35" language="neutral" versionScope="nonSxS" xmlns:wcm="http://schemas.microsoft.com/WMIConfig/2002/State" xmlns:xsi="http://www.w3.org/2001/XMLSchema-instance"%@%%}%%}}%"%CACHE_FOLDER%\unattend.xml"][CMD][IA]
[COMMANDQ][ECHO.			%@%%{%InputLocale%@%%}%0409:00000409%@%%{%/InputLocale%@%%}%%}}%"%CACHE_FOLDER%\unattend.xml"][CMD][IA]
[COMMANDQ][ECHO.			%@%%{%SystemLocale%@%%}%en-US%@%%{%/SystemLocale%@%%}%%}}%"%CACHE_FOLDER%\unattend.xml"][CMD][IA]
[COMMANDQ][ECHO.			%@%%{%UILanguage%@%%}%en-US%@%%{%/UILanguage%@%%}%%}}%"%CACHE_FOLDER%\unattend.xml"][CMD][IA]
[COMMANDQ][ECHO.			%@%%{%UILanguageFallback%@%%}%en-US%@%%{%/UILanguageFallback%@%%}%%}}%"%CACHE_FOLDER%\unattend.xml"][CMD][IA]
[COMMANDQ][ECHO.			%@%%{%UserLocale%@%%}%en-US%@%%{%/UserLocale%@%%}%%}}%"%CACHE_FOLDER%\unattend.xml"][CMD][IA]
[COMMANDQ][ECHO.		%@%%{%/component%@%%}%%}}%"%CACHE_FOLDER%\unattend.xml"][CMD][IA]
[COMMANDQ][ECHO.		%@%%{%component name="Microsoft-Windows-Shell-Setup" processorArchitecture="amd64" publicKeyToken="31bf3856ad364e35" language="neutral" versionScope="nonSxS" xmlns:wcm="http://schemas.microsoft.com/WMIConfig/2002/State" xmlns:xsi="http://www.w3.org/2001/XMLSchema-instance"%@%%}%%}}%"%CACHE_FOLDER%\unattend.xml"][CMD][IA]
[COMMANDQ][ECHO.			%@%%{%TimeZone%@%%}%Mountain Standard Time%@%%{%/TimeZone%@%%}%%}}%"%CACHE_FOLDER%\unattend.xml"][CMD][IA]
[COMMANDQ][ECHO.			%@%%{%AutoLogon%@%%}%%}}%"%CACHE_FOLDER%\unattend.xml"][CMD][IA]
[COMMANDQ][ECHO.				%@%%{%Enabled%@%%}%true%@%%{%/Enabled%@%%}%%}}%"%CACHE_FOLDER%\unattend.xml"][CMD][IA]
[COMMANDQ][ECHO.				%@%%{%LogonCount%@%%}%9999999%@%%{%/LogonCount%@%%}%%}}%"%CACHE_FOLDER%\unattend.xml"][CMD][IA]
[COMMANDQ][ECHO.				%@%%{%Username%@%%}%%VAR1%%@%%{%/Username%@%%}%%}}%"%CACHE_FOLDER%\unattend.xml"][CMD][IA]
[COMMANDQ][ECHO.				%@%%{%Password%@%%}%%}}%"%CACHE_FOLDER%\unattend.xml"][CMD][IA]
[COMMANDQ][ECHO.					%@%%{%PlainText%@%%}%true%@%%{%/PlainText%@%%}%%}}%"%CACHE_FOLDER%\unattend.xml"][CMD][IA]
[COMMANDQ][ECHO.					%@%%{%Value%@%%}%%@%%{%/Value%@%%}%%}}%"%CACHE_FOLDER%\unattend.xml"][CMD][IA]
[COMMANDQ][ECHO.				%@%%{%/Password%@%%}%%}}%"%CACHE_FOLDER%\unattend.xml"][CMD][IA]
[COMMANDQ][ECHO.			%@%%{%/AutoLogon%@%%}%%}}%"%CACHE_FOLDER%\unattend.xml"][CMD][IA]
[COMMANDQ][ECHO.			%@%%{%OOBE%@%%}%%}}%"%CACHE_FOLDER%\unattend.xml"][CMD][IA]
[COMMANDQ][ECHO.				%@%%{%HideEULAPage%@%%}%true%@%%{%/HideEULAPage%@%%}%%}}%"%CACHE_FOLDER%\unattend.xml"][CMD][IA]
[COMMANDQ][ECHO.				%@%%{%HideLocalAccountScreen%@%%}%true%@%%{%/HideLocalAccountScreen%@%%}%%}}%"%CACHE_FOLDER%\unattend.xml"][CMD][IA]
[COMMANDQ][ECHO.				%@%%{%HideOnlineAccountScreens%@%%}%true%@%%{%/HideOnlineAccountScreens%@%%}%%}}%"%CACHE_FOLDER%\unattend.xml"][CMD][IA]
[COMMANDQ][ECHO.				%@%%{%HideWirelessSetupInOOBE%@%%}%true%@%%{%/HideWirelessSetupInOOBE%@%%}%%}}%"%CACHE_FOLDER%\unattend.xml"][CMD][IA]
[COMMANDQ][ECHO.				%@%%{%NetworkLocation%@%%}%Other%@%%{%/NetworkLocation%@%%}%%}}%"%CACHE_FOLDER%\unattend.xml"][CMD][IA]
[COMMANDQ][ECHO.				%@%%{%ProtectYourPC%@%%}%3%@%%{%/ProtectYourPC%@%%}%%}}%"%CACHE_FOLDER%\unattend.xml"][CMD][IA]
[COMMANDQ][ECHO.				%@%%{%SkipMachineOOBE%@%%}%true%@%%{%/SkipMachineOOBE%@%%}%%}}%"%CACHE_FOLDER%\unattend.xml"][CMD][IA]
[COMMANDQ][ECHO.				%@%%{%SkipUserOOBE%@%%}%true%@%%{%/SkipUserOOBE%@%%}%%}}%"%CACHE_FOLDER%\unattend.xml"][CMD][IA]
[COMMANDQ][ECHO.			%@%%{%/OOBE%@%%}%%}}%"%CACHE_FOLDER%\unattend.xml"][CMD][IA]
[COMMANDQ][ECHO.			%@%%{%UserAccounts%@%%}%%}}%"%CACHE_FOLDER%\unattend.xml"][CMD][IA]
[COMMANDQ][ECHO.				%@%%{%LocalAccounts%@%%}%%}}%"%CACHE_FOLDER%\unattend.xml"][CMD][IA]
[COMMANDQ][ECHO.					%@%%{%LocalAccount wcm:action="add"%@%%}%%}}%"%CACHE_FOLDER%\unattend.xml"][CMD][IA]
[COMMANDQ][ECHO.						%@%%{%Group%@%%}%Administrators%@%%{%/Group%@%%}%%}}%"%CACHE_FOLDER%\unattend.xml"][CMD][IA]
[COMMANDQ][ECHO.						%@%%{%Name%@%%}%%VAR1%%@%%{%/Name%@%%}%%}}%"%CACHE_FOLDER%\unattend.xml"][CMD][IA]
[COMMANDQ][ECHO.						%@%%{%Password%@%%}%%}}%"%CACHE_FOLDER%\unattend.xml"][CMD][IA]
[COMMANDQ][ECHO.							%@%%{%PlainText%@%%}%true%@%%{%/PlainText%@%%}%%}}%"%CACHE_FOLDER%\unattend.xml"][CMD][IA]
[COMMANDQ][ECHO.							%@%%{%Value%@%%}%%@%%{%/Value%@%%}%%}}%"%CACHE_FOLDER%\unattend.xml"][CMD][IA]
[COMMANDQ][ECHO.						%@%%{%/Password%@%%}%%}}%"%CACHE_FOLDER%\unattend.xml"][CMD][IA]
[COMMANDQ][ECHO.					%@%%{%/LocalAccount%@%%}%%}}%"%CACHE_FOLDER%\unattend.xml"][CMD][IA]
[COMMANDQ][ECHO.				%@%%{%/LocalAccounts%@%%}%%}}%"%CACHE_FOLDER%\unattend.xml"][CMD][IA]
[COMMANDQ][ECHO.			%@%%{%/UserAccounts%@%%}%%}}%"%CACHE_FOLDER%\unattend.xml"][CMD][IA]
[COMMANDQ][ECHO.		%@%%{%/component%@%%}%%}}%"%CACHE_FOLDER%\unattend.xml"][CMD][IA]
[COMMANDQ][ECHO.	%@%%{%/settings%@%%}%%}}%"%CACHE_FOLDER%\unattend.xml"][CMD][IA]
[COMMANDQ][ECHO.	%@%%{%settings pass="specialize"%@%%}%%}}%"%CACHE_FOLDER%\unattend.xml"][CMD][IA]
[COMMANDQ][ECHO.		%@%%{%component name="Microsoft-Windows-Security-SPP-UX" processorArchitecture="amd64" publicKeyToken="31bf3856ad364e35" language="neutral" versionScope="nonSxS" xmlns:wcm="http://schemas.microsoft.com/WMIConfig/2002/State" xmlns:xsi="http://www.w3.org/2001/XMLSchema-instance"%@%%}%%}}%"%CACHE_FOLDER%\unattend.xml"][CMD][IA]
[COMMANDQ][ECHO.			%@%%{%SkipAutoActivation%@%%}%true%@%%{%/SkipAutoActivation%@%%}%%}}%"%CACHE_FOLDER%\unattend.xml"][CMD][IA]
[COMMANDQ][ECHO.		%@%%{%/component%@%%}%%}}%"%CACHE_FOLDER%\unattend.xml"][CMD][IA]
[COMMANDQ][ECHO.		%@%%{%component name="Microsoft-Windows-Shell-Setup" processorArchitecture="amd64" publicKeyToken="31bf3856ad364e35" language="neutral" versionScope="nonSxS" xmlns:wcm="http://schemas.microsoft.com/WMIConfig/2002/State" xmlns:xsi="http://www.w3.org/2001/XMLSchema-instance"%@%%}%%}}%"%CACHE_FOLDER%\unattend.xml"][CMD][IA]
[COMMANDQ][ECHO.			%@%%{%ComputerName%@%%}%Computer%@%%{%/ComputerName%@%%}%%}}%"%CACHE_FOLDER%\unattend.xml"][CMD][IA]
[COMMANDQ][ECHO.			%@%%{%CopyProfile%@%%}%false%@%%{%/CopyProfile%@%%}%%}}%"%CACHE_FOLDER%\unattend.xml"][CMD][IA]
[COMMANDQ][ECHO.			%@%%{%ProductKey%@%%}%%VAR2%%@%%{%/ProductKey%@%%}%%}}%"%CACHE_FOLDER%\unattend.xml"][CMD][IA]
[COMMANDQ][ECHO.		%@%%{%/component%@%%}%%}}%"%CACHE_FOLDER%\unattend.xml"][CMD][IA]
[COMMANDQ][ECHO.	%@%%{%/settings%@%%}%%}}%"%CACHE_FOLDER%\unattend.xml"][CMD][IA]
[COMMANDQ][ECHO.	%@%%{%settings pass="windowsPE"%@%%}%%}}%"%CACHE_FOLDER%\unattend.xml"][CMD][IA]
[COMMANDQ][ECHO.		%@%%{%component name="Microsoft-Windows-International-Core-WinPE" processorArchitecture="amd64" publicKeyToken="31bf3856ad364e35" language="neutral" versionScope="nonSxS" xmlns:wcm="http://schemas.microsoft.com/WMIConfig/2002/State" xmlns:xsi="http://www.w3.org/2001/XMLSchema-instance"%@%%}%%}}%"%CACHE_FOLDER%\unattend.xml"][CMD][IA]
[COMMANDQ][ECHO.			%@%%{%InputLocale%@%%}%0409:00000409%@%%{%/InputLocale%@%%}%%}}%"%CACHE_FOLDER%\unattend.xml"][CMD][IA]
[COMMANDQ][ECHO.			%@%%{%SystemLocale%@%%}%en-US%@%%{%/SystemLocale%@%%}%%}}%"%CACHE_FOLDER%\unattend.xml"][CMD][IA]
[COMMANDQ][ECHO.			%@%%{%UILanguage%@%%}%en-US%@%%{%/UILanguage%@%%}%%}}%"%CACHE_FOLDER%\unattend.xml"][CMD][IA]
[COMMANDQ][ECHO.			%@%%{%UILanguageFallback%@%%}%en-US%@%%{%/UILanguageFallback%@%%}%%}}%"%CACHE_FOLDER%\unattend.xml"][CMD][IA]
[COMMANDQ][ECHO.			%@%%{%UserLocale%@%%}%en-US%@%%{%/UserLocale%@%%}%%}}%"%CACHE_FOLDER%\unattend.xml"][CMD][IA]
[COMMANDQ][ECHO.			%@%%{%SetupUILanguage%@%%}%%}}%"%CACHE_FOLDER%\unattend.xml"][CMD][IA]
[COMMANDQ][ECHO.				%@%%{%UILanguage%@%%}%en-US%@%%{%/UILanguage%@%%}%%}}%"%CACHE_FOLDER%\unattend.xml"][CMD][IA]
[COMMANDQ][ECHO.			%@%%{%/SetupUILanguage%@%%}%%}}%"%CACHE_FOLDER%\unattend.xml"][CMD][IA]
[COMMANDQ][ECHO.		%@%%{%/component%@%%}%%}}%"%CACHE_FOLDER%\unattend.xml"][CMD][IA]
[COMMANDQ][ECHO.		%@%%{%component name="Microsoft-Windows-Setup" processorArchitecture="amd64" publicKeyToken="31bf3856ad364e35" language="neutral" versionScope="nonSxS" xmlns:wcm="http://schemas.microsoft.com/WMIConfig/2002/State" xmlns:xsi="http://www.w3.org/2001/XMLSchema-instance"%@%%}%%}}%"%CACHE_FOLDER%\unattend.xml"][CMD][IA]
[COMMANDQ][ECHO.			%@%%{%Diagnostics%@%%}%%}}%"%CACHE_FOLDER%\unattend.xml"][CMD][IA]
[COMMANDQ][ECHO.				%@%%{%OptIn%@%%}%false%@%%{%/OptIn%@%%}%%}}%"%CACHE_FOLDER%\unattend.xml"][CMD][IA]
[COMMANDQ][ECHO.			%@%%{%/Diagnostics%@%%}%%}}%"%CACHE_FOLDER%\unattend.xml"][CMD][IA]
[COMMANDQ][ECHO.			%@%%{%DynamicUpdate%@%%}%%}}%"%CACHE_FOLDER%\unattend.xml"][CMD][IA]
[COMMANDQ][ECHO.				%@%%{%Enable%@%%}%false%@%%{%/Enable%@%%}%%}}%"%CACHE_FOLDER%\unattend.xml"][CMD][IA]
[COMMANDQ][ECHO.				%@%%{%WillShowUI%@%%}%OnError%@%%{%/WillShowUI%@%%}%%}%%}%"%CACHE_FOLDER%\unattend.xml"][CMD][IA]
[COMMANDQ][ECHO.			%@%%{%/DynamicUpdate%@%%}%%}}%"%CACHE_FOLDER%\unattend.xml"][CMD][IA]
[COMMANDQ][ECHO.			%@%%{%ImageInstall%@%%}%%}}%"%CACHE_FOLDER%\unattend.xml"][CMD][IA]
[COMMANDQ][ECHO.				%@%%{%OSImage%@%%}%%}}%"%CACHE_FOLDER%\unattend.xml"][CMD][IA]
[COMMANDQ][ECHO.					%@%%{%Compact%@%%}%true%@%%{%/Compact%@%%}%%}}%"%CACHE_FOLDER%\unattend.xml"][CMD][IA]
[COMMANDQ][ECHO.					%@%%{%WillShowUI%@%%}%OnError%@%%{%/WillShowUI%@%%}%%}}%"%CACHE_FOLDER%\unattend.xml"][CMD][IA]
[COMMANDQ][ECHO.					%@%%{%InstallFrom%@%%}%%}}%"%CACHE_FOLDER%\unattend.xml"][CMD][IA]
[COMMANDQ][ECHO.						%@%%{%MetaData wcm:action="add"%@%%}%%}}%"%CACHE_FOLDER%\unattend.xml"][CMD][IA]
[COMMANDQ][ECHO.							%@%%{%Key%@%%}%/IMAGE/INDEX%@%%{%/Key%@%%}%%}}%"%CACHE_FOLDER%\unattend.xml"][CMD][IA]
[COMMANDQ][ECHO.							%@%%{%Value%@%%}%1%@%%{%/Value%@%%}%%}}%"%CACHE_FOLDER%\unattend.xml"][CMD][IA]
[COMMANDQ][ECHO.						%@%%{%/MetaData%@%%}%%}}%"%CACHE_FOLDER%\unattend.xml"][CMD][IA]
[COMMANDQ][ECHO.					%@%%{%/InstallFrom%@%%}%%}}%"%CACHE_FOLDER%\unattend.xml"][CMD][IA]
[COMMANDQ][ECHO.				%@%%{%/OSImage%@%%}%%}}%"%CACHE_FOLDER%\unattend.xml"][CMD][IA]
[COMMANDQ][ECHO.			%@%%{%/ImageInstall%@%%}%%}}%"%CACHE_FOLDER%\unattend.xml"][CMD][IA]
[COMMANDQ][ECHO.			%@%%{%UserData%@%%}%%}}%"%CACHE_FOLDER%\unattend.xml"][CMD][IA]
[COMMANDQ][ECHO.				%@%%{%AcceptEula%@%%}%true%@%%{%/AcceptEula%@%%}%%}}%"%CACHE_FOLDER%\unattend.xml"][CMD][IA]
[COMMANDQ][ECHO.				%@%%{%ProductKey%@%%}%%}}%"%CACHE_FOLDER%\unattend.xml"][CMD][IA]
[COMMANDQ][ECHO.					%@%%{%Key%@%%}%%VAR2%%@%%{%/Key%@%%}%%}}%"%CACHE_FOLDER%\unattend.xml"][CMD][IA]
[COMMANDQ][ECHO.					%@%%{%WillShowUI%@%%}%OnError%@%%{%/WillShowUI%@%%}%%}}%"%CACHE_FOLDER%\unattend.xml"][CMD][IA]
[COMMANDQ][ECHO.				%@%%{%/ProductKey%@%%}%%}}%"%CACHE_FOLDER%\unattend.xml"][CMD][IA]
[COMMANDQ][ECHO.			%@%%{%/UserData%@%%}%%}}%"%CACHE_FOLDER%\unattend.xml"][CMD][IA]
[COMMANDQ][ECHO.		%@%%{%/component%@%%}%%}}%"%CACHE_FOLDER%\unattend.xml"][CMD][IA]
[COMMANDQ][ECHO.	%@%%{%/settings%@%%}%%}}%"%CACHE_FOLDER%\unattend.xml"][CMD][IA]
[COMMANDQ][ECHO.%@%%{%/unattend%@%%}%%}}%"%CACHE_FOLDER%\unattend.xml"][CMD][IA]
[COMMANDQ][IF EXIST "%CACHE_FOLDER%\unattend.xml" ECHO.                   unattend.xml has been generated.][CMD][IA]
[COMMANDQ][IF EXIST "%CACHE_FOLDER%\unattend.xml" ECHO. Next, create an import unattend.xml list entry located in tweaks.mst.][CMD][IA]
[COMMANDQ][IF NOT EXIST "%CACHE_FOLDER%\unattend.xml" ECHO. ERROR: unattend.xml could not be generated.][CMD][IA]

[GROUP][Export to program\cache folder][Export wallpaper.jpg]
[COMMANDQ][ECHO. Exporting wallpaper.jpg...][CMD][IA]
[COMMANDQ][IF EXIST "%WINDIR%\web\wallpaper\Windows\img0.jpg" COPY /Y "%WINDIR%\web\wallpaper\Windows\img0.jpg" "%CACHE_FOLDER%\wallpaper.jpg"%}%NUL][CMD][IA]
[COMMANDQ]IF NOT EXIST "%CACHE_FOLDER%\wallpaper.jpg" ECHO.%}%"%CACHE_FOLDER%\wallpaper.jpg"][CMD][IA]
[COMMANDQ]ECHO.                   Stock wallpaper has been copied.][CMD][IA]
[COMMANDQ]ECHO.             Replace wallpaper.jpg with any custom image.][CMD][IA]
[COMMANDQ]ECHO. Next, create an import wallpaper.jpg list entry located in tweaks.mst.][CMD][IA]

[GROUP][Export to program\cache folder][Export appassociations.xml]
[COMMANDQ][ECHO. Exporting appassociations.xml...][CMD][IA]
[COMMANDQ]DISM /ENGLISH /ONLINE /EXPORT-DefaultAppAssociations:"%CACHE_FOLDER%\appassociations.xml"%}%NUL][CMD][IA]
[COMMANDQ]ECHO.          Default application associations have been exported.][CMD][IA]
[COMMANDQ]ECHO. Next, create an import app associations list entry located in tweaks.mst][CMD][IA]

[GROUP][Export to program\cache folder][Export firewallrules.xml]
[COMMANDQ][ECHO. Exporting firewallrules.xml...][CMD][IA]
[COMMANDQ]NETSH advfirewall EXPORT "%CACHE_FOLDER%\firewallrules.xml"%}%NUL][CMD][IA]
[COMMANDQ]ECHO.                   Firewall rules have been exported.][CMD][IA]
[COMMANDQ]ECHO. Next, create an import firewall rules list entry located in tweaks.mst.][CMD][IA]

[GROUP][Mount VHDX test][TEST]
[PICK][  AVAILABLE VHDXs:][VHDX][                      Select the filesystem target]
[COMMANDQ][ECHO. DRVTAR=%DRVTAR%  HIVE_SOFTWARE=%HIVE_SOFTWARE%][REG][IA]
[COMMAND][REG QUERY %HIVE_USER%][REG][IA]
